Archive member included because of file (symbol)

c:/PSDK3v2/psl1ght/ppu/lib\liblv2.a(process_wrapper.o)
                              loader.o (sysProcessExitSpawn2)
c:/PSDK3v2/psl1ght/ppu/lib\liblv2.a(sprx.o)
                              c:/PSDK3v2/psl1ght/ppu/lib\liblv2.a(process_wrapper.o) (sysProcessExitSpawn2Ex)
c:/psdk3v2/ps3dev/ppu/bin/../lib/gcc/powerpc64-ps3-elf/4.5.2/../../../../powerpc64-ps3-elf/lib\libsysbase.a(syscalls.o)
                              c:/psdk3v2/ps3dev/ppu/bin/../lib/gcc/powerpc64-ps3-elf/4.5.2/../../../../powerpc64-ps3-elf/lib/lv2-crt0.o (__syscalls)
c:/psdk3v2/ps3dev/ppu/bin/../lib/gcc/powerpc64-ps3-elf/4.5.2/../../../../powerpc64-ps3-elf/lib\libc.a(lib_a-exit.o)
                              c:/psdk3v2/ps3dev/ppu/bin/../lib/gcc/powerpc64-ps3-elf/4.5.2/../../../../powerpc64-ps3-elf/lib/lv2-crt0.o (exit)
c:/psdk3v2/ps3dev/ppu/bin/../lib/gcc/powerpc64-ps3-elf/4.5.2/../../../../powerpc64-ps3-elf/lib\libc.a(lib_a-impure.o)
                              c:/psdk3v2/ps3dev/ppu/bin/../lib/gcc/powerpc64-ps3-elf/4.5.2/../../../../powerpc64-ps3-elf/lib\libc.a(lib_a-exit.o) (_global_impure_ptr)
c:/psdk3v2/ps3dev/ppu/bin/../lib/gcc/powerpc64-ps3-elf/4.5.2/../../../../powerpc64-ps3-elf/lib\libc.a(lib_a-malloc.o)
                              c:/PSDK3v2/psl1ght/ppu/lib\liblv2.a(process_wrapper.o) (malloc)
c:/psdk3v2/ps3dev/ppu/bin/../lib/gcc/powerpc64-ps3-elf/4.5.2/../../../../powerpc64-ps3-elf/lib\libc.a(lib_a-mallocr.o)
                              c:/psdk3v2/ps3dev/ppu/bin/../lib/gcc/powerpc64-ps3-elf/4.5.2/../../../../powerpc64-ps3-elf/lib\libc.a(lib_a-malloc.o) (_malloc_r)
c:/psdk3v2/ps3dev/ppu/bin/../lib/gcc/powerpc64-ps3-elf/4.5.2/../../../../powerpc64-ps3-elf/lib\libc.a(lib_a-mlock.o)
                              c:/psdk3v2/ps3dev/ppu/bin/../lib/gcc/powerpc64-ps3-elf/4.5.2/../../../../powerpc64-ps3-elf/lib\libc.a(lib_a-mallocr.o) (__malloc_lock)
c:/psdk3v2/ps3dev/ppu/bin/../lib/gcc/powerpc64-ps3-elf/4.5.2/../../../../powerpc64-ps3-elf/lib\libc.a(lib_a-strcpy.o)
                              loader.o (strcpy)
c:/psdk3v2/ps3dev/ppu/bin/../lib/gcc/powerpc64-ps3-elf/4.5.2/../../../../powerpc64-ps3-elf/lib\libc.a(lib_a-strlen.o)
                              loader.o (strlen)
c:/psdk3v2/ps3dev/ppu/bin/../lib/gcc/powerpc64-ps3-elf/4.5.2/../../../../powerpc64-ps3-elf/lib\libc.a(lib_a-strncmp.o)
                              loader.o (strncmp)
c:/psdk3v2/ps3dev/ppu/bin/../lib/gcc/powerpc64-ps3-elf/4.5.2/../../../../powerpc64-ps3-elf/lib\libc.a(lib_a-__call_atexit.o)
                              c:/psdk3v2/ps3dev/ppu/bin/../lib/gcc/powerpc64-ps3-elf/4.5.2/../../../../powerpc64-ps3-elf/lib\libc.a(lib_a-exit.o) (__call_exitprocs)
c:/psdk3v2/ps3dev/ppu/bin/../lib/gcc/powerpc64-ps3-elf/4.5.2/../../../../powerpc64-ps3-elf/lib\libc.a(lib_a-freer.o)
                              c:/psdk3v2/ps3dev/ppu/bin/../lib/gcc/powerpc64-ps3-elf/4.5.2/../../../../powerpc64-ps3-elf/lib\libc.a(lib_a-malloc.o) (_free_r)
c:/psdk3v2/ps3dev/ppu/bin/../lib/gcc/powerpc64-ps3-elf/4.5.2/../../../../powerpc64-ps3-elf/lib\libc.a(lib_a-getreent.o)
                              c:/psdk3v2/ps3dev/ppu/bin/../lib/gcc/powerpc64-ps3-elf/4.5.2/../../../../powerpc64-ps3-elf/lib\libc.a(lib_a-malloc.o) (__getreent)
c:/psdk3v2/ps3dev/ppu/bin/../lib/gcc/powerpc64-ps3-elf/4.5.2/../../../../powerpc64-ps3-elf/lib\libc.a(lib_a-lock_recursive.o)
                              c:/psdk3v2/ps3dev/ppu/bin/../lib/gcc/powerpc64-ps3-elf/4.5.2/../../../../powerpc64-ps3-elf/lib\libc.a(lib_a-mlock.o) (__libc_lock_acquire_recursive)
c:/psdk3v2/ps3dev/ppu/bin/../lib/gcc/powerpc64-ps3-elf/4.5.2/../../../../powerpc64-ps3-elf/lib\libc.a(lib_a-memset.o)
                              c:/psdk3v2/ps3dev/ppu/bin/../lib/gcc/powerpc64-ps3-elf/4.5.2/../../../../powerpc64-ps3-elf/lib\libc.a(lib_a-getreent.o) (memset)
c:/psdk3v2/ps3dev/ppu/bin/../lib/gcc/powerpc64-ps3-elf/4.5.2/../../../../powerpc64-ps3-elf/lib\libc.a(lib_a-__atexit.o)
                              c:/psdk3v2/ps3dev/ppu/bin/../lib/gcc/powerpc64-ps3-elf/4.5.2/../../../../powerpc64-ps3-elf/lib\libc.a(lib_a-__call_atexit.o) (__atexit_lock)
c:/psdk3v2/ps3dev/ppu/bin/../lib/gcc/powerpc64-ps3-elf/4.5.2/../../../../powerpc64-ps3-elf/lib\libc.a(lib_a-lock_internal.o)
                              c:/psdk3v2/ps3dev/ppu/bin/../lib/gcc/powerpc64-ps3-elf/4.5.2/../../../../powerpc64-ps3-elf/lib\libc.a(lib_a-lock_recursive.o) (__libc_auto_lock_allocate)
c:/psdk3v2/ps3dev/ppu/bin/../lib/gcc/powerpc64-ps3-elf/4.5.2/../../../../powerpc64-ps3-elf/lib\libc.a(lib_a-abort.o)
                              c:/psdk3v2/ps3dev/ppu/bin/../lib/gcc/powerpc64-ps3-elf/4.5.2/../../../../powerpc64-ps3-elf/lib\libc.a(lib_a-lock_internal.o) (abort)
c:/psdk3v2/ps3dev/ppu/bin/../lib/gcc/powerpc64-ps3-elf/4.5.2/../../../../powerpc64-ps3-elf/lib\libc.a(lib_a-signal.o)
                              c:/psdk3v2/ps3dev/ppu/bin/../lib/gcc/powerpc64-ps3-elf/4.5.2/../../../../powerpc64-ps3-elf/lib\libc.a(lib_a-abort.o) (raise)
[...]
Memory Configuration

Name             Origin             Length             Attributes
*default*        0x0000000000000000 0xffffffffffffffff

Linker script and memory map

                0x0000000000010000                PROVIDE (__executable_start, 0x10000)
                0x0000000000010200                . = (0x10000 + SIZEOF_HEADERS)

.interp
 *(.interp)

.hash
 *(.hash)

.dynsym
 *(.dynsym)

.dynstr
 *(.dynstr)

.gnu.version
 *(.gnu.version)

.gnu.version_d
 *(.gnu.version_d)

.gnu.version_r
 *(.gnu.version_r)

.rel.dyn
 *(.rel.init)
 *(.rel.text .rel.text.* .rel.gnu.linkonce.t.*)
 *(.rel.fini)
 *(.rel.rodata .rel.rodata.* .rel.gnu.linkonce.r.*)
 *(.rel.data.rel.ro*)
 *(.rel.data .rel.data.* .rel.gnu.linkonce.d.*)
 *(.rel.tdata .rel.tdata.* .rel.gnu.linkonce.td.*)
 *(.rel.tbss .rel.tbss.* .rel.gnu.linkonce.tb.*)
 *(.rel.ctors)
 *(.rel.dtors)
 *(.rel.got)
 *(.rel.sdata .rel.sdata.* .rel.gnu.linkonce.s.*)
 *(.rel.sbss .rel.sbss.* .rel.gnu.linkonce.sb.*)
 *(.rel.sdata2 .rel.sdata2.* .rel.gnu.linkonce.s2.*)
 *(.rel.sbss2 .rel.sbss2.* .rel.gnu.linkonce.sb2.*)
 *(.rel.bss .rel.bss.* .rel.gnu.linkonce.b.*)

.rela.dyn       0x0000000000010200        0x0
 *(.rela.init)
 *(.rela.text .rela.text.* .rela.gnu.linkonce.t.*)
 *(.rela.fini)
 *(.rela.rodata .rela.rodata.* .rela.gnu.linkonce.r.*)
 *(.rela.data .rela.data.* .rela.gnu.linkonce.d.*)
 *(.rela.tdata .rela.tdata.* .rela.gnu.linkonce.td.*)
 *(.rela.tbss .rela.tbss.* .rela.gnu.linkonce.tb.*)
 *(.rela.ctors)
 *(.rela.dtors)
 *(.rela.got)
 *(.rela.toc)
 .rela.toc      0x0000000000000000        0x0 linker stubs
 *(.rela.sdata .rela.sdata.* .rela.gnu.linkonce.s.*)
 *(.rela.sbss .rela.sbss.* .rela.gnu.linkonce.sb.*)
 *(.rela.sdata2 .rela.sdata2.* .rela.gnu.linkonce.s2.*)
 *(.rela.sbss2 .rela.sbss2.* .rela.gnu.linkonce.sb2.*)
 *(.rela.bss .rela.bss.* .rela.gnu.linkonce.b.*)
 .rela.iplt     0x0000000000000000        0x0 linker stubs
 .rela.sys_proc_prx_param
                0x0000000000000000        0x0 linker stubs
 .rela.opd      0x0000000000000000        0x0 linker stubs

.rel.plt
 *(.rel.plt)

.rela.plt
 *(.rela.plt)

.rela.tocbss
 *(.rela.tocbss)

.init           0x0000000000010200       0x2c
 *(.init)
 .init          0x0000000000010200        0xc c:/psdk3v2/ps3dev/ppu/bin/../lib/gcc/powerpc64-ps3-elf/4.5.2/../../../../powerpc64-ps3-elf/lib/lv2-crti.o
                0x0000000000010200                ._init
 .init          0x000000000001020c        0x8 c:/psdk3v2/ps3dev/ppu/bin/../lib/gcc/powerpc64-ps3-elf/4.5.2/crtbegin.o
 .init          0x0000000000010214        0x8 c:/psdk3v2/ps3dev/ppu/bin/../lib/gcc/powerpc64-ps3-elf/4.5.2/crtend.o
 .init          0x000000000001021c       0x10 c:/psdk3v2/ps3dev/ppu/bin/../lib/gcc/powerpc64-ps3-elf/4.5.2/../../../../powerpc64-ps3-elf/lib/lv2-crtn.o

.text           0x0000000000010230    0x14214
 *(.text .stub .text.* .gnu.linkonce.t.*)
 .text          0x0000000000010230        0x0 c:/psdk3v2/ps3dev/ppu/bin/../lib/gcc/powerpc64-ps3-elf/4.5.2/../../../../powerpc64-ps3-elf/lib/lv2-crti.o
 .text          0x0000000000010230        0x0 c:/psdk3v2/ps3dev/ppu/bin/../lib/gcc/powerpc64-ps3-elf/4.5.2/crtbegin.o
 .text.__do_global_dtors_aux
                0x0000000000010230       0xc8 c:/psdk3v2/ps3dev/ppu/bin/../lib/gcc/powerpc64-ps3-elf/4.5.2/crtbegin.o
 .text.frame_dummy
                0x00000000000102f8       0x70 c:/psdk3v2/ps3dev/ppu/bin/../lib/gcc/powerpc64-ps3-elf/4.5.2/crtbegin.o
 .text          0x0000000000010368       0x58 c:/psdk3v2/ps3dev/ppu/bin/../lib/gcc/powerpc64-ps3-elf/4.5.2/../../../../powerpc64-ps3-elf/lib/lv2-crt0.o
                0x0000000000010368                ._start
 .text.__syscalls_init
                0x00000000000103c0      0x15c c:/psdk3v2/ps3dev/ppu/bin/../lib/gcc/powerpc64-ps3-elf/4.5.2/../../../../powerpc64-ps3-elf/lib/lv2-crt0.o
 *fill*         0x000000000001051c        0x4 60000000
 .text._initialize
                0x0000000000010520       0x40 c:/psdk3v2/ps3dev/ppu/bin/../lib/gcc/powerpc64-ps3-elf/4.5.2/../../../../powerpc64-ps3-elf/lib/lv2-crt0.o
                0x0000000000010520                ._initialize
 .text          0x0000000000010560        0x0 c:/psdk3v2/ps3dev/ppu/bin/../lib/gcc/powerpc64-ps3-elf/4.5.2/../../../../powerpc64-ps3-elf/lib/lv2-sprx.o
 .text          0x0000000000010560        0x0 loader.o
 .text.is_payload_loaded
                0x0000000000010560       0xe8 loader.o
                0x0000000000010560                .is_payload_loaded
 .text.main     0x0000000000010648      0x1c4 loader.o
                0x0000000000010648                .main
 .text          0x000000000001080c        0x0 syscall8.o
 *fill*         0x000000000001080c        0x4 60000000
 .text.sys8_disable
                0x0000000000010810       0x50 syscall8.o
                0x0000000000010810                .sys8_disable
 .text.sys8_enable
                0x0000000000010860       0x50 syscall8.o
                0x0000000000010860                .sys8_enable
 .text.sys8_memcpy
                0x00000000000108b0       0x54 syscall8.o
                0x00000000000108b0                .sys8_memcpy
 *fill*         0x0000000000010904        0x4 60000000
 .text.sys8_memcpyinstr
                0x0000000000010908       0x54 syscall8.o
                0x0000000000010908                .sys8_memcpyinstr
 *fill*         0x000000000001095c        0x4 60000000
 .text.sys8_pokeinstr
                0x0000000000010960       0x54 syscall8.o
                0x0000000000010960                .sys8_pokeinstr
 *fill*         0x00000000000109b4        0x4 60000000
 .text.sys8_memset
                0x00000000000109b8       0x54 syscall8.o
                0x00000000000109b8                .sys8_memset
 *fill*         0x0000000000010a0c        0x4 60000000
 .text.sys8_call
                0x0000000000010a10       0x54 syscall8.o
                0x0000000000010a10                .sys8_call
 *fill*         0x0000000000010a64        0x4 60000000
 .text.sys8_alloc
                0x0000000000010a68       0x50 syscall8.o
                0x0000000000010a68                .sys8_alloc
 .text.sys8_free
                0x0000000000010ab8       0x50 syscall8.o
                0x0000000000010ab8                .sys8_free
 .text.sys8_panic
                0x0000000000010b08       0x48 syscall8.o
                0x0000000000010b08                .sys8_panic
 .text.sys8_perm_mode
                0x0000000000010b50       0x50 syscall8.o
                0x0000000000010b50                .sys8_perm_mode
 .text.sys8_sys_configure
                0x0000000000010ba0       0x50 syscall8.o
                0x0000000000010ba0                .sys8_sys_configure
 .text.sys8_lv1_syscall
                0x0000000000010bf0       0x54 syscall8.o
                0x0000000000010bf0                .sys8_lv1_syscall
 *fill*         0x0000000000010c44        0x4 60000000
 .text.sys8_path_table
                0x0000000000010c48       0x4c syscall8.o
                0x0000000000010c48                .sys8_path_table
 .text          0x0000000000010c94        0x0 c:/PSDK3v2/psl1ght/ppu/lib\liblv2.a(process_wrapper.o)
 *fill*         0x0000000000010c94        0x4 60000000
 .text.sysProcessExitSpawn2
                0x0000000000010c98      0x1f0 c:/PSDK3v2/psl1ght/ppu/lib\liblv2.a(process_wrapper.o)
                0x0000000000010c98                .sysProcessExitSpawn2
 .text          0x0000000000010e88        0x0 c:/PSDK3v2/psl1ght/ppu/lib\liblv2.a(sprx.o)
 .text          0x0000000000010e88        0x0 c:/psdk3v2/ps3dev/ppu/bin/../lib/gcc/powerpc64-ps3-elf/4.5.2/../../../../powerpc64-ps3-elf/lib\libsysbase.a(syscalls.o)
 .text          0x0000000000010e88        0x0 c:/psdk3v2/ps3dev/ppu/bin/../lib/gcc/powerpc64-ps3-elf/4.5.2/../../../../powerpc64-ps3-elf/lib\libc.a(lib_a-exit.o)
 .text.exit     0x0000000000010e88       0x68 c:/psdk3v2/ps3dev/ppu/bin/../lib/gcc/powerpc64-ps3-elf/4.5.2/../../../../powerpc64-ps3-elf/lib\libc.a(lib_a-exit.o)
                0x0000000000010e88                .exit
 .text          0x0000000000010ef0        0x0 c:/psdk3v2/ps3dev/ppu/bin/../lib/gcc/powerpc64-ps3-elf/4.5.2/../../../../powerpc64-ps3-elf/lib\libc.a(lib_a-impure.o)
 .text          0x0000000000010ef0        0x0 c:/psdk3v2/ps3dev/ppu/bin/../lib/gcc/powerpc64-ps3-elf/4.5.2/../../../../powerpc64-ps3-elf/lib\libc.a(lib_a-malloc.o)
 .text.malloc   0x0000000000010ef0       0x48 c:/psdk3v2/ps3dev/ppu/bin/../lib/gcc/powerpc64-ps3-elf/4.5.2/../../../../powerpc64-ps3-elf/lib\libc.a(lib_a-malloc.o)
                0x0000000000010ef0                .malloc
 .text.free     0x0000000000010f38       0x48 c:/psdk3v2/ps3dev/ppu/bin/../lib/gcc/powerpc64-ps3-elf/4.5.2/../../../../powerpc64-ps3-elf/lib\libc.a(lib_a-malloc.o)
                0x0000000000010f38                .free
 .text          0x0000000000010f80        0x0 c:/psdk3v2/ps3dev/ppu/bin/../lib/gcc/powerpc64-ps3-elf/4.5.2/../../../../powerpc64-ps3-elf/lib\libc.a(lib_a-mallocr.o)
 .text._malloc_r
                0x0000000000010f80      0x944 c:/psdk3v2/ps3dev/ppu/bin/../lib/gcc/powerpc64-ps3-elf/4.5.2/../../../../powerpc64-ps3-elf/lib\libc.a(lib_a-mallocr.o)
                0x0000000000010f80                ._malloc_r
 .text          0x00000000000118c4        0x0 c:/psdk3v2/ps3dev/ppu/bin/../lib/gcc/powerpc64-ps3-elf/4.5.2/../../../../powerpc64-ps3-elf/lib\libc.a(lib_a-mlock.o)
 *fill*         0x00000000000118c4        0x4 60000000
 .text.__malloc_lock
                0x00000000000118c8       0x34 c:/psdk3v2/ps3dev/ppu/bin/../lib/gcc/powerpc64-ps3-elf/4.5.2/../../../../powerpc64-ps3-elf/lib\libc.a(lib_a-mlock.o)
                0x00000000000118c8                .__malloc_lock
 *fill*         0x00000000000118fc        0x4 60000000
 .text.__malloc_unlock
                0x0000000000011900       0x34 c:/psdk3v2/ps3dev/ppu/bin/../lib/gcc/powerpc64-ps3-elf/4.5.2/../../../../powerpc64-ps3-elf/lib\libc.a(lib_a-mlock.o)
                0x0000000000011900                .__malloc_unlock
 .text          0x0000000000011934        0x0 c:/psdk3v2/ps3dev/ppu/bin/../lib/gcc/powerpc64-ps3-elf/4.5.2/../../../../powerpc64-ps3-elf/lib\libc.a(lib_a-strcpy.o)
 *fill*         0x0000000000011934        0x4 60000000
 .text.strcpy   0x0000000000011938       0xa8 c:/psdk3v2/ps3dev/ppu/bin/../lib/gcc/powerpc64-ps3-elf/4.5.2/../../../../powerpc64-ps3-elf/lib\libc.a(lib_a-strcpy.o)
                0x0000000000011938                .strcpy
 .text          0x00000000000119e0        0x0 c:/psdk3v2/ps3dev/ppu/bin/../lib/gcc/powerpc64-ps3-elf/4.5.2/../../../../powerpc64-ps3-elf/lib\libc.a(lib_a-strlen.o)
 .text.strlen   0x00000000000119e0       0xe4 c:/psdk3v2/ps3dev/ppu/bin/../lib/gcc/powerpc64-ps3-elf/4.5.2/../../../../powerpc64-ps3-elf/lib\libc.a(lib_a-strlen.o)
                0x00000000000119e0                .strlen
 .text          0x0000000000011ac4        0x0 c:/psdk3v2/ps3dev/ppu/bin/../lib/gcc/powerpc64-ps3-elf/4.5.2/../../../../powerpc64-ps3-elf/lib\libc.a(lib_a-strncmp.o)
 *fill*         0x0000000000011ac4        0x4 60000000
 .text.strncmp  0x0000000000011ac8      0x184 c:/psdk3v2/ps3dev/ppu/bin/../lib/gcc/powerpc64-ps3-elf/4.5.2/../../../../powerpc64-ps3-elf/lib\libc.a(lib_a-strncmp.o)
                0x0000000000011ac8                .strncmp
 .text          0x0000000000011c4c        0x0 c:/psdk3v2/ps3dev/ppu/bin/../lib/gcc/powerpc64-ps3-elf/4.5.2/../../../../powerpc64-ps3-elf/lib\libc.a(lib_a-__call_atexit.o)
 *fill*         0x0000000000011c4c        0x4 60000000
 .text.__call_exitprocs
                0x0000000000011c50      0x250 c:/psdk3v2/ps3dev/ppu/bin/../lib/gcc/powerpc64-ps3-elf/4.5.2/../../../../powerpc64-ps3-elf/lib\libc.a(lib_a-__call_atexit.o)
                0x0000000000011c50                .__call_exitprocs
 .text          0x0000000000011ea0        0x0 c:/psdk3v2/ps3dev/ppu/bin/../lib/gcc/powerpc64-ps3-elf/4.5.2/../../../../powerpc64-ps3-elf/lib\libc.a(lib_a-freer.o)
 .text._malloc_trim_r
                0x0000000000011ea0      0x15c c:/psdk3v2/ps3dev/ppu/bin/../lib/gcc/powerpc64-ps3-elf/4.5.2/../../../../powerpc64-ps3-elf/lib\libc.a(lib_a-freer.o)
                0x0000000000011ea0                ._malloc_trim_r
 *fill*         0x0000000000011ffc        0x4 60000000
 .text._free_r  0x0000000000012000      0x310 c:/psdk3v2/ps3dev/ppu/bin/../lib/gcc/powerpc64-ps3-elf/4.5.2/../../../../powerpc64-ps3-elf/lib\libc.a(lib_a-freer.o)
                0x0000000000012000                ._free_r
 .text          0x0000000000012310        0x0 c:/psdk3v2/ps3dev/ppu/bin/../lib/gcc/powerpc64-ps3-elf/4.5.2/../../../../powerpc64-ps3-elf/lib\libc.a(lib_a-getreent.o)
 .text.__getreent
                0x0000000000012310      0x1f0 c:/psdk3v2/ps3dev/ppu/bin/../lib/gcc/powerpc64-ps3-elf/4.5.2/../../../../powerpc64-ps3-elf/lib\libc.a(lib_a-getreent.o)
                0x0000000000012310                .__getreent
 .text          0x0000000000012500        0x0 c:/psdk3v2/ps3dev/ppu/bin/../lib/gcc/powerpc64-ps3-elf/4.5.2/../../../../powerpc64-ps3-elf/lib\libc.a(lib_a-lock_recursive.o)
 .text.__libc_lock_init_recursive
                0x0000000000012500       0x34 c:/psdk3v2/ps3dev/ppu/bin/../lib/gcc/powerpc64-ps3-elf/4.5.2/../../../../powerpc64-ps3-elf/lib\libc.a(lib_a-lock_recursive.o)
                0x0000000000012500                .__libc_lock_init_recursive
 *fill*         0x0000000000012534        0x4 60000000
 .text.__libc_lock_close_recursive
                0x0000000000012538       0x30 c:/psdk3v2/ps3dev/ppu/bin/../lib/gcc/powerpc64-ps3-elf/4.5.2/../../../../powerpc64-ps3-elf/lib\libc.a(lib_a-lock_recursive.o)
                0x0000000000012538                .__libc_lock_close_recursive
 .text.__libc_lock_acquire_recursive
                0x0000000000012568       0x58 c:/psdk3v2/ps3dev/ppu/bin/../lib/gcc/powerpc64-ps3-elf/4.5.2/../../../../powerpc64-ps3-elf/lib\libc.a(lib_a-lock_recursive.o)
                0x0000000000012568                .__libc_lock_acquire_recursive
 .text.__libc_lock_try_acquire_recursive
                0x00000000000125c0       0x54 c:/psdk3v2/ps3dev/ppu/bin/../lib/gcc/powerpc64-ps3-elf/4.5.2/../../../../powerpc64-ps3-elf/lib\libc.a(lib_a-lock_recursive.o)
                0x00000000000125c0                .__libc_lock_try_acquire_recursive
 *fill*         0x0000000000012614        0x4 60000000
 .text.__libc_lock_release_recursive
                0x0000000000012618       0x54 c:/psdk3v2/ps3dev/ppu/bin/../lib/gcc/powerpc64-ps3-elf/4.5.2/../../../../powerpc64-ps3-elf/lib\libc.a(lib_a-lock_recursive.o)
                0x0000000000012618                .__libc_lock_release_recursive
 .text          0x000000000001266c        0x0 c:/psdk3v2/ps3dev/ppu/bin/../lib/gcc/powerpc64-ps3-elf/4.5.2/../../../../powerpc64-ps3-elf/lib\libc.a(lib_a-memset.o)
 *fill*         0x000000000001266c        0x4 60000000
 .text.memset   0x0000000000012670      0x130 c:/psdk3v2/ps3dev/ppu/bin/../lib/gcc/powerpc64-ps3-elf/4.5.2/../../../../powerpc64-ps3-elf/lib\libc.a(lib_a-memset.o)
                0x0000000000012670                .memset
 .text          0x00000000000127a0        0x0 c:/psdk3v2/ps3dev/ppu/bin/../lib/gcc/powerpc64-ps3-elf/4.5.2/../../../../powerpc64-ps3-elf/lib\libc.a(lib_a-__atexit.o)
 .text.__register_exitproc
                0x00000000000127a0      0x188 c:/psdk3v2/ps3dev/ppu/bin/../lib/gcc/powerpc64-ps3-elf/4.5.2/../../../../powerpc64-ps3-elf/lib\libc.a(lib_a-__atexit.o)
                0x00000000000127a0                .__register_exitproc
 .text          0x0000000000012928        0x0 c:/psdk3v2/ps3dev/ppu/bin/../lib/gcc/powerpc64-ps3-elf/4.5.2/../../../../powerpc64-ps3-elf/lib\libc.a(lib_a-lock_internal.o)
 .text.init_metalock
                0x0000000000012928       0x48 c:/psdk3v2/ps3dev/ppu/bin/../lib/gcc/powerpc64-ps3-elf/4.5.2/../../../../powerpc64-ps3-elf/lib\libc.a(lib_a-lock_internal.o)
 .text.__libc_auto_lock_allocate
                0x0000000000012970       0x9c c:/psdk3v2/ps3dev/ppu/bin/../lib/gcc/powerpc64-ps3-elf/4.5.2/../../../../powerpc64-ps3-elf/lib\libc.a(lib_a-lock_internal.o)
                0x0000000000012970                .__libc_auto_lock_allocate
 .text          0x0000000000012a0c        0x0 c:/psdk3v2/ps3dev/ppu/bin/../lib/gcc/powerpc64-ps3-elf/4.5.2/../../../../powerpc64-ps3-elf/lib\libc.a(lib_a-abort.o)
 *fill*         0x0000000000012a0c        0x4 60000000
 .text.abort    0x0000000000012a10       0x30 c:/psdk3v2/ps3dev/ppu/bin/../lib/gcc/powerpc64-ps3-elf/4.5.2/../../../../powerpc64-ps3-elf/lib\libc.a(lib_a-abort.o)
                0x0000000000012a10                .abort
 .text          0x0000000000012a40        0x0 c:/psdk3v2/ps3dev/ppu/bin/../lib/gcc/powerpc64-ps3-elf/4.5.2/../../../../powerpc64-ps3-elf/lib\libc.a(lib_a-signal.o)
 .text._init_signal_r
                0x0000000000012a40       0x84 c:/psdk3v2/ps3dev/ppu/bin/../lib/gcc/powerpc64-ps3-elf/4.5.2/../../../../powerpc64-ps3-elf/lib\libc.a(lib_a-signal.o)
                0x0000000000012a40                ._init_signal_r
 *fill*         0x0000000000012ac4        0x4 60000000
 .text._signal_r
                0x0000000000012ac8       0x9c c:/psdk3v2/ps3dev/ppu/bin/../lib/gcc/powerpc64-ps3-elf/4.5.2/../../../../powerpc64-ps3-elf/lib\libc.a(lib_a-signal.o)
                0x0000000000012ac8                ._signal_r
 *fill*         0x0000000000012b64        0x4 60000000
 .text._raise_r
                0x0000000000012b68      0x114 c:/psdk3v2/ps3dev/ppu/bin/../lib/gcc/powerpc64-ps3-elf/4.5.2/../../../../powerpc64-ps3-elf/lib\libc.a(lib_a-signal.o)
                0x0000000000012b68                ._raise_r
 *fill*         0x0000000000012c7c        0x4 60000000
 .text.__sigtramp_r
                0x0000000000012c80       0xd0 c:/psdk3v2/ps3dev/ppu/bin/../lib/gcc/powerpc64-ps3-elf/4.5.2/../../../../powerpc64-ps3-elf/lib\libc.a(lib_a-signal.o)
                0x0000000000012c80                .__sigtramp_r
 .text.raise    0x0000000000012d50       0x40 c:/psdk3v2/ps3dev/ppu/bin/../lib/gcc/powerpc64-ps3-elf/4.5.2/../../../../powerpc64-ps3-elf/lib\libc.a(lib_a-signal.o)
                0x0000000000012d50                .raise
 .text.signal   0x0000000000012d90       0x50 c:/psdk3v2/ps3dev/ppu/bin/../lib/gcc/powerpc64-ps3-elf/4.5.2/../../../../powerpc64-ps3-elf/lib\libc.a(lib_a-signal.o)
                0x0000000000012d90                .signal
 .text._init_signal
                0x0000000000012de0       0x30 c:/psdk3v2/ps3dev/ppu/bin/../lib/gcc/powerpc64-ps3-elf/4.5.2/../../../../powerpc64-ps3-elf/lib\libc.a(lib_a-signal.o)
                0x0000000000012de0                ._init_signal
 .text.__sigtramp
                0x0000000000012e10       0x40 c:/psdk3v2/ps3dev/ppu/bin/../lib/gcc/powerpc64-ps3-elf/4.5.2/../../../../powerpc64-ps3-elf/lib\libc.a(lib_a-signal.o)
                0x0000000000012e10                .__sigtramp
 .text          0x0000000000012e50        0x0 c:/PSDK3v2/psl1ght/ppu/lib\librt.a(sbrk.o)
 .text.sbrk_init
                0x0000000000012e50       0xc4 c:/PSDK3v2/psl1ght/ppu/lib\librt.a(sbrk.o)
 *fill*         0x0000000000012f14        0x4 60000000
 .text.sbrk_deinit
                0x0000000000012f18       0xbc c:/PSDK3v2/psl1ght/ppu/lib\librt.a(sbrk.o)
 *fill*         0x0000000000012fd4        0x4 60000000
 .text.__librt_sbrk_r
                0x0000000000012fd8      0x324 c:/PSDK3v2/psl1ght/ppu/lib\librt.a(sbrk.o)
                0x0000000000012fd8                .__librt_sbrk_r
 .text          0x00000000000132fc        0x0 c:/PSDK3v2/psl1ght/ppu/lib\librt.a(exit.o)
 *fill*         0x00000000000132fc        0x4 60000000
 .text.__librt_exit
                0x0000000000013300       0x30 c:/PSDK3v2/psl1ght/ppu/lib\librt.a(exit.o)
                0x0000000000013300                .__librt_exit
 .text          0x0000000000013330        0x0 c:/PSDK3v2/psl1ght/ppu/lib\librt.a(close.o)
 .text.__librt_close_r
                0x0000000000013330       0x8c c:/PSDK3v2/psl1ght/ppu/lib\librt.a(close.o)
                0x0000000000013330                .__librt_close_r
 .text          0x00000000000133bc        0x0 c:/PSDK3v2/psl1ght/ppu/lib\librt.a(lseek.o)
 *fill*         0x00000000000133bc        0x4 60000000
 .text.__librt_lseek_r
                0x00000000000133c0       0x8c c:/PSDK3v2/psl1ght/ppu/lib\librt.a(lseek.o)
                0x00000000000133c0                .__librt_lseek_r
 *fill*         0x000000000001344c        0x4 60000000
 .text.__librt_lseek64_r
                0x0000000000013450       0x8c c:/PSDK3v2/psl1ght/ppu/lib\librt.a(lseek.o)
                0x0000000000013450                .__librt_lseek64_r
 .text          0x00000000000134dc        0x0 c:/PSDK3v2/psl1ght/ppu/lib\librt.a(read.o)
 *fill*         0x00000000000134dc        0x4 60000000
 .text.__librt_read_r
                0x00000000000134e0      0x11c c:/PSDK3v2/psl1ght/ppu/lib\librt.a(read.o)
                0x00000000000134e0                .__librt_read_r
 .text          0x00000000000135fc        0x0 c:/PSDK3v2/psl1ght/ppu/lib\librt.a(open.o)
 *fill*         0x00000000000135fc        0x4 60000000
 .text.__librt_open_r
                0x0000000000013600      0x180 c:/PSDK3v2/psl1ght/ppu/lib\librt.a(open.o)
                0x0000000000013600                .__librt_open_r
 .text          0x0000000000013780        0x0 c:/PSDK3v2/psl1ght/ppu/lib\librt.a(sleep.o)
 .text.__librt_usleep_r
                0x0000000000013780       0x50 c:/PSDK3v2/psl1ght/ppu/lib\librt.a(sleep.o)
                0x0000000000013780                .__librt_usleep_r
 .text.__librt_sleep_r
                0x00000000000137d0       0x8c c:/PSDK3v2/psl1ght/ppu/lib\librt.a(sleep.o)
                0x00000000000137d0                .__librt_sleep_r
 .text          0x000000000001385c        0x0 c:/PSDK3v2/psl1ght/ppu/lib\librt.a(write.o)
 *fill*         0x000000000001385c        0x4 60000000
 .text.__librt_write_r
                0x0000000000013860      0x11c c:/PSDK3v2/psl1ght/ppu/lib\librt.a(write.o)
                0x0000000000013860                .__librt_write_r
 .text          0x000000000001397c        0x0 c:/PSDK3v2/psl1ght/ppu/lib\librt.a(fstat.o)
 *fill*         0x000000000001397c        0x4 60000000
 .text.__librt_fstat_r
                0x0000000000013980       0xd0 c:/PSDK3v2/psl1ght/ppu/lib\librt.a(fstat.o)
                0x0000000000013980                .__librt_fstat_r
 .text.__librt_fstat64_r
                0x0000000000013a50       0xd0 c:/PSDK3v2/psl1ght/ppu/lib\librt.a(fstat.o)
                0x0000000000013a50                .__librt_fstat64_r
 .text.__librt_stat_r
                0x0000000000013b20       0xd0 c:/PSDK3v2/psl1ght/ppu/lib\librt.a(fstat.o)
                0x0000000000013b20                .__librt_stat_r
 .text.__librt_stat64_r
                0x0000000000013bf0       0xd0 c:/PSDK3v2/psl1ght/ppu/lib\librt.a(fstat.o)
                0x0000000000013bf0                .__librt_stat64_r
 .text          0x0000000000013cc0        0x0 c:/PSDK3v2/psl1ght/ppu/lib\librt.a(socket.o)
 .text.accept   0x0000000000013cc0       0xa0 c:/PSDK3v2/psl1ght/ppu/lib\librt.a(socket.o)
                0x0000000000013cc0                .accept
 .text.bind     0x0000000000013d60       0x48 c:/PSDK3v2/psl1ght/ppu/lib\librt.a(socket.o)
                0x0000000000013d60                .bind
 .text.connect  0x0000000000013da8       0x48 c:/PSDK3v2/psl1ght/ppu/lib\librt.a(socket.o)
                0x0000000000013da8                .connect
 .text.listen   0x0000000000013df0       0x48 c:/PSDK3v2/psl1ght/ppu/lib\librt.a(socket.o)
                0x0000000000013df0                .listen
 .text.socket   0x0000000000013e38       0x54 c:/PSDK3v2/psl1ght/ppu/lib\librt.a(socket.o)
                0x0000000000013e38                .socket
 *fill*         0x0000000000013e8c        0x4 60000000
 .text.send     0x0000000000013e90       0x50 c:/PSDK3v2/psl1ght/ppu/lib\librt.a(socket.o)
                0x0000000000013e90                .send
 .text.sendto   0x0000000000013ee0       0x48 c:/PSDK3v2/psl1ght/ppu/lib\librt.a(socket.o)
                0x0000000000013ee0                .sendto
 .text.recv     0x0000000000013f28       0x50 c:/PSDK3v2/psl1ght/ppu/lib\librt.a(socket.o)
                0x0000000000013f28                .recv
 .text.recvfrom
                0x0000000000013f78       0x98 c:/PSDK3v2/psl1ght/ppu/lib\librt.a(socket.o)
                0x0000000000013f78                .recvfrom
 .text.shutdown
                0x0000000000014010       0x48 c:/PSDK3v2/psl1ght/ppu/lib\librt.a(socket.o)
                0x0000000000014010                .shutdown
 .text.inet_aton
                0x0000000000014058       0xb8 c:/PSDK3v2/psl1ght/ppu/lib\librt.a(socket.o)
                0x0000000000014058                .inet_aton
 .text.inet_pton
                0x0000000000014110       0x54 c:/PSDK3v2/psl1ght/ppu/lib\librt.a(socket.o)
                0x0000000000014110                .inet_pton
 *fill*         0x0000000000014164        0x4 60000000
 .text.select   0x0000000000014168       0x3c c:/PSDK3v2/psl1ght/ppu/lib\librt.a(socket.o)
                0x0000000000014168                .select
 *fill*         0x00000000000141a4        0x4 60000000
 .text.closesocket
                0x00000000000141a8       0x48 c:/PSDK3v2/psl1ght/ppu/lib\librt.a(socket.o)
                0x00000000000141a8                .closesocket
 .text          0x00000000000141f0        0x0 c:/PSDK3v2/psl1ght/ppu/lib\librt.a(lock.o)
 .text.__librt_sys_lwmutex_create_r
                0x00000000000141f0       0x38 c:/PSDK3v2/psl1ght/ppu/lib\librt.a(lock.o)
                0x00000000000141f0                .__librt_sys_lwmutex_create_r
 .text.__librt_sys_lwmutex_destroy_r
                0x0000000000014228       0x34 c:/PSDK3v2/psl1ght/ppu/lib\librt.a(lock.o)
                0x0000000000014228                .__librt_sys_lwmutex_destroy_r
 *fill*         0x000000000001425c        0x4 60000000
 .text.__librt_sys_lwmutex_lock_r
                0x0000000000014260       0x38 c:/PSDK3v2/psl1ght/ppu/lib\librt.a(lock.o)
                0x0000000000014260                .__librt_sys_lwmutex_lock_r
 .text.__librt_sys_lwmutex_trylock_r
                0x0000000000014298       0x34 c:/PSDK3v2/psl1ght/ppu/lib\librt.a(lock.o)
                0x0000000000014298                .__librt_sys_lwmutex_trylock_r
 *fill*         0x00000000000142cc        0x4 60000000
 .text.__librt_sys_lwmutex_unlock_r
                0x00000000000142d0       0x34 c:/PSDK3v2/psl1ght/ppu/lib\librt.a(lock.o)
                0x00000000000142d0                .__librt_sys_lwmutex_unlock_r
 .text          0x0000000000014304        0x0 c:/PSDK3v2/psl1ght/ppu/lib\librt.a(dirent.o)
 *fill*         0x0000000000014304        0x4 60000000
 .text.readdir_i
                0x0000000000014308      0x10c c:/PSDK3v2/psl1ght/ppu/lib\librt.a(dirent.o)
 *fill*         0x0000000000014414        0x4 60000000
 .text.__librt_opendir_r
                0x0000000000014418      0x144 c:/PSDK3v2/psl1ght/ppu/lib\librt.a(dirent.o)
                0x0000000000014418                .__librt_opendir_r
 *fill*         0x000000000001455c        0x4 60000000
 .text.__librt_readdir_r
                0x0000000000014560       0x80 c:/PSDK3v2/psl1ght/ppu/lib\librt.a(dirent.o)
                0x0000000000014560                .__librt_readdir_r
 .text.__librt_readdir_r_r
                0x00000000000145e0       0x54 c:/PSDK3v2/psl1ght/ppu/lib\librt.a(dirent.o)
                0x00000000000145e0                .__librt_readdir_r_r
 *fill*         0x0000000000014634        0x4 60000000
 .text.__librt_closedir_r
                0x0000000000014638       0x84 c:/PSDK3v2/psl1ght/ppu/lib\librt.a(dirent.o)
                0x0000000000014638                .__librt_closedir_r
 *fill*         0x00000000000146bc        0x4 60000000
 .text.__librt_telldir_r
                0x00000000000146c0       0x24 c:/PSDK3v2/psl1ght/ppu/lib\librt.a(dirent.o)
                0x00000000000146c0                .__librt_telldir_r
 *fill*         0x00000000000146e4        0x4 60000000
 .text.__librt_rewinddir_r
                0x00000000000146e8       0x18 c:/PSDK3v2/psl1ght/ppu/lib\librt.a(dirent.o)
                0x00000000000146e8                .__librt_rewinddir_r
 .text.__librt_seekdir_r
                0x0000000000014700       0x18 c:/PSDK3v2/psl1ght/ppu/lib\librt.a(dirent.o)
                0x0000000000014700                .__librt_seekdir_r
 .text          0x0000000000014718        0x0 c:/PSDK3v2/psl1ght/ppu/lib\librt.a(mkdir.o)
 .text.__librt_mkdir_r
                0x0000000000014718       0x60 c:/PSDK3v2/psl1ght/ppu/lib\librt.a(mkdir.o)
                0x0000000000014718                .__librt_mkdir_r
 .text          0x0000000000014778        0x0 c:/PSDK3v2/psl1ght/ppu/lib\librt.a(times.o)
 .text.__librt_times_r
                0x0000000000014778       0x1c c:/PSDK3v2/psl1ght/ppu/lib\librt.a(times.o)
                0x0000000000014778                .__librt_times_r
 .text          0x0000000000014794        0x0 c:/PSDK3v2/psl1ght/ppu/lib\librt.a(umask.o)
 *fill*         0x0000000000014794        0x4 60000000
 .text.__librt_umask_r
                0x0000000000014798       0x20 c:/PSDK3v2/psl1ght/ppu/lib\librt.a(umask.o)
                0x0000000000014798                .__librt_umask_r
 .text          0x00000000000147b8        0x0 c:/PSDK3v2/psl1ght/ppu/lib\librt.a(lv2errno.o)
 .text.lv2error
                0x00000000000147b8      0x3dc c:/PSDK3v2/psl1ght/ppu/lib\librt.a(lv2errno.o)
                0x00000000000147b8                .lv2error
 *fill*         0x0000000000014b94        0x4 60000000
 .text.lv2errno
                0x0000000000014b98       0x68 c:/PSDK3v2/psl1ght/ppu/lib\librt.a(lv2errno.o)
                0x0000000000014b98                .lv2errno
 .text.lv2errno_r
                0x0000000000014c00       0x58 c:/PSDK3v2/psl1ght/ppu/lib\librt.a(lv2errno.o)
                0x0000000000014c00                .lv2errno_r
 .text          0x0000000000014c58        0x0 c:/PSDK3v2/psl1ght/ppu/lib\librt.a(heap.o)
 .text.heapInit
                0x0000000000014c58       0xe8 c:/PSDK3v2/psl1ght/ppu/lib\librt.a(heap.o)
                0x0000000000014c58                .heapInit
 .text.heapAllocate
                0x0000000000014d40      0x174 c:/PSDK3v2/psl1ght/ppu/lib\librt.a(heap.o)
                0x0000000000014d40                .heapAllocate
 *fill*         0x0000000000014eb4        0x4 60000000
 .text.heapAllocateAligned
                0x0000000000014eb8      0x224 c:/PSDK3v2/psl1ght/ppu/lib\librt.a(heap.o)
                0x0000000000014eb8                .heapAllocateAligned
 *fill*         0x00000000000150dc        0x4 60000000
 .text.heapFree
                0x00000000000150e0      0x224 c:/PSDK3v2/psl1ght/ppu/lib\librt.a(heap.o)
                0x00000000000150e0                .heapFree
 .text          0x0000000000015304        0x0 c:/PSDK3v2/psl1ght/ppu/lib\librt.a(chmod.o)
 *fill*         0x0000000000015304        0x4 60000000
 .text.__librt_chmod_r
                0x0000000000015308       0x54 c:/PSDK3v2/psl1ght/ppu/lib\librt.a(chmod.o)
                0x0000000000015308                .__librt_chmod_r
 .text          0x000000000001535c        0x0 c:/PSDK3v2/psl1ght/ppu/lib\librt.a(rmdir.o)
 *fill*         0x000000000001535c        0x4 60000000
 .text.__librt_rmdir_r
                0x0000000000015360       0x50 c:/PSDK3v2/psl1ght/ppu/lib\librt.a(rmdir.o)
                0x0000000000015360                .__librt_rmdir_r
 .text          0x00000000000153b0        0x0 c:/PSDK3v2/psl1ght/ppu/lib\librt.a(isatty.o)
 .text.__librt_isatty_r
                0x00000000000153b0       0x2c c:/PSDK3v2/psl1ght/ppu/lib\librt.a(isatty.o)
                0x00000000000153b0                .__librt_isatty_r
 .text          0x00000000000153dc        0x0 c:/PSDK3v2/psl1ght/ppu/lib\librt.a(gettod.o)
 *fill*         0x00000000000153dc        0x4 60000000
 .text.__librt_gettod_r
                0x00000000000153e0       0xb8 c:/PSDK3v2/psl1ght/ppu/lib\librt.a(gettod.o)
                0x00000000000153e0                .__librt_gettod_r
 .text          0x0000000000015498        0x0 c:/PSDK3v2/psl1ght/ppu/lib\librt.a(settod.o)
 .text.__librt_settod_r
                0x0000000000015498       0x58 c:/PSDK3v2/psl1ght/ppu/lib\librt.a(settod.o)
                0x0000000000015498                .__librt_settod_r
 .text          0x00000000000154f0        0x0 c:/psdk3v2/ps3dev/ppu/bin/../lib/gcc/powerpc64-ps3-elf/4.5.2/../../../../powerpc64-ps3-elf/lib\libsysbase.a(sbrk.o)
 .text._sbrk_r  0x00000000000154f0       0x78 c:/psdk3v2/ps3dev/ppu/bin/../lib/gcc/powerpc64-ps3-elf/4.5.2/../../../../powerpc64-ps3-elf/lib\libsysbase.a(sbrk.o)
                0x00000000000154f0                ._sbrk_r
 .text          0x0000000000015568        0x0 c:/psdk3v2/ps3dev/ppu/bin/../lib/gcc/powerpc64-ps3-elf/4.5.2/../../../../powerpc64-ps3-elf/lib\libsysbase.a(_exit.o)
 .text._exit    0x0000000000015568       0x48 c:/psdk3v2/ps3dev/ppu/bin/../lib/gcc/powerpc64-ps3-elf/4.5.2/../../../../powerpc64-ps3-elf/lib\libsysbase.a(_exit.o)
                0x0000000000015568                ._exit
 .text          0x00000000000155b0        0x0 c:/psdk3v2/ps3dev/ppu/bin/../lib/gcc/powerpc64-ps3-elf/4.5.2/../../../../powerpc64-ps3-elf/lib\libsysbase.a(lock.o)
 .text.sys_lwmutex_create
                0x00000000000155b0       0x94 c:/psdk3v2/ps3dev/ppu/bin/../lib/gcc/powerpc64-ps3-elf/4.5.2/../../../../powerpc64-ps3-elf/lib\libsysbase.a(lock.o)
                0x00000000000155b0                .sys_lwmutex_create
 *fill*         0x0000000000015644        0x4 60000000
 .text.sys_lwmutex_destroy
                0x0000000000015648       0x84 c:/psdk3v2/ps3dev/ppu/bin/../lib/gcc/powerpc64-ps3-elf/4.5.2/../../../../powerpc64-ps3-elf/lib\libsysbase.a(lock.o)
                0x0000000000015648                .sys_lwmutex_destroy
 *fill*         0x00000000000156cc        0x4 60000000
 .text.sys_lwmutex_lock
                0x00000000000156d0       0x94 c:/psdk3v2/ps3dev/ppu/bin/../lib/gcc/powerpc64-ps3-elf/4.5.2/../../../../powerpc64-ps3-elf/lib\libsysbase.a(lock.o)
                0x00000000000156d0                .sys_lwmutex_lock
 *fill*         0x0000000000015764        0x4 60000000
 .text.sys_lwmutex_trylock
                0x0000000000015768       0x84 c:/psdk3v2/ps3dev/ppu/bin/../lib/gcc/powerpc64-ps3-elf/4.5.2/../../../../powerpc64-ps3-elf/lib\libsysbase.a(lock.o)
                0x0000000000015768                .sys_lwmutex_trylock
 *fill*         0x00000000000157ec        0x4 60000000
 .text.sys_lwmutex_unlock
                0x00000000000157f0       0x84 c:/psdk3v2/ps3dev/ppu/bin/../lib/gcc/powerpc64-ps3-elf/4.5.2/../../../../powerpc64-ps3-elf/lib\libsysbase.a(lock.o)
                0x00000000000157f0                .sys_lwmutex_unlock
 .text          0x0000000000015874        0x0 c:/psdk3v2/ps3dev/ppu/bin/../lib/gcc/powerpc64-ps3-elf/4.5.2/../../../../powerpc64-ps3-elf/lib\libsysbase.a(getpid.o)
 *fill*         0x0000000000015874        0x4 60000000
 .text._getpid_r
                0x0000000000015878       0x6c c:/psdk3v2/ps3dev/ppu/bin/../lib/gcc/powerpc64-ps3-elf/4.5.2/../../../../powerpc64-ps3-elf/lib\libsysbase.a(getpid.o)
                0x0000000000015878                ._getpid_r
 .text          0x00000000000158e4        0x0 c:/psdk3v2/ps3dev/ppu/bin/../lib/gcc/powerpc64-ps3-elf/4.5.2/../../../../powerpc64-ps3-elf/lib\libsysbase.a(kill.o)
 *fill*         0x00000000000158e4        0x4 60000000
 .text._kill_r  0x00000000000158e8       0x1c c:/psdk3v2/ps3dev/ppu/bin/../lib/gcc/powerpc64-ps3-elf/4.5.2/../../../../powerpc64-ps3-elf/lib\libsysbase.a(kill.o)
                0x00000000000158e8                ._kill_r
 .text          0x0000000000015904        0x0 c:/psdk3v2/ps3dev/ppu/bin/../lib/gcc/powerpc64-ps3-elf/4.5.2/../../../../powerpc64-ps3-elf/lib\libc.a(lib_a-errno.o)
 *fill*         0x0000000000015904        0x4 60000000
 .text.__errno  0x0000000000015908       0x30 c:/psdk3v2/ps3dev/ppu/bin/../lib/gcc/powerpc64-ps3-elf/4.5.2/../../../../powerpc64-ps3-elf/lib\libc.a(lib_a-errno.o)
                0x0000000000015908                .__errno
 .text          0x0000000000015938        0x0 c:/psdk3v2/ps3dev/ppu/bin/../lib/gcc/powerpc64-ps3-elf/4.5.2/../../../../powerpc64-ps3-elf/lib\libc.a(lib_a-sscanf.o)
 .text.sscanf   0x0000000000015938       0xa8 c:/psdk3v2/ps3dev/ppu/bin/../lib/gcc/powerpc64-ps3-elf/4.5.2/../../../../powerpc64-ps3-elf/lib\libc.a(lib_a-sscanf.o)
                0x0000000000015938                .sscanf
 .text._sscanf_r
                0x00000000000159e0       0xa8 c:/psdk3v2/ps3dev/ppu/bin/../lib/gcc/powerpc64-ps3-elf/4.5.2/../../../../powerpc64-ps3-elf/lib\libc.a(lib_a-sscanf.o)
                0x00000000000159e0                ._sscanf_r
 .text          0x0000000000015a88        0x0 c:/psdk3v2/ps3dev/ppu/bin/../lib/gcc/powerpc64-ps3-elf/4.5.2/../../../../powerpc64-ps3-elf/lib\libc.a(lib_a-stdio.o)
 .text.__sread  0x0000000000015a88       0x80 c:/psdk3v2/ps3dev/ppu/bin/../lib/gcc/powerpc64-ps3-elf/4.5.2/../../../../powerpc64-ps3-elf/lib\libc.a(lib_a-stdio.o)
                0x0000000000015a88                .__sread
 .text.__seofread
                0x0000000000015b08       0x14 c:/psdk3v2/ps3dev/ppu/bin/../lib/gcc/powerpc64-ps3-elf/4.5.2/../../../../powerpc64-ps3-elf/lib\libc.a(lib_a-stdio.o)
                0x0000000000015b08                .__seofread
 *fill*         0x0000000000015b1c        0x4 60000000
 .text.__swrite
                0x0000000000015b20       0xbc c:/psdk3v2/ps3dev/ppu/bin/../lib/gcc/powerpc64-ps3-elf/4.5.2/../../../../powerpc64-ps3-elf/lib\libc.a(lib_a-stdio.o)
                0x0000000000015b20                .__swrite
 *fill*         0x0000000000015bdc        0x4 60000000
 .text.__sseek  0x0000000000015be0       0x88 c:/psdk3v2/ps3dev/ppu/bin/../lib/gcc/powerpc64-ps3-elf/4.5.2/../../../../powerpc64-ps3-elf/lib\libc.a(lib_a-stdio.o)
                0x0000000000015be0                .__sseek
 .text.__sclose
                0x0000000000015c68       0x3c c:/psdk3v2/ps3dev/ppu/bin/../lib/gcc/powerpc64-ps3-elf/4.5.2/../../../../powerpc64-ps3-elf/lib\libc.a(lib_a-stdio.o)
                0x0000000000015c68                .__sclose
 .text          0x0000000000015ca4        0x0 c:/psdk3v2/ps3dev/ppu/bin/../lib/gcc/powerpc64-ps3-elf/4.5.2/../../../../powerpc64-ps3-elf/lib\libc.a(lib_a-strncpy.o)
 *fill*         0x0000000000015ca4        0x4 60000000
 .text.strncpy  0x0000000000015ca8      0x100 c:/psdk3v2/ps3dev/ppu/bin/../lib/gcc/powerpc64-ps3-elf/4.5.2/../../../../powerpc64-ps3-elf/lib\libc.a(lib_a-strncpy.o)
                0x0000000000015ca8                .strncpy
 .text          0x0000000000015da8        0x0 c:/psdk3v2/ps3dev/ppu/bin/../lib/gcc/powerpc64-ps3-elf/4.5.2/../../../../powerpc64-ps3-elf/lib\libc.a(lib_a-svfscanf.o)
 .text.__ssvfscanf_r
                0x0000000000015da8     0x18d8 c:/psdk3v2/ps3dev/ppu/bin/../lib/gcc/powerpc64-ps3-elf/4.5.2/../../../../powerpc64-ps3-elf/lib\libc.a(lib_a-svfscanf.o)
                0x0000000000015da8                .__ssvfscanf_r
 .text          0x0000000000017680        0x0 c:/psdk3v2/ps3dev/ppu/bin/../lib/gcc/powerpc64-ps3-elf/4.5.2/../../../../powerpc64-ps3-elf/lib\libc.a(lib_a-ctype_.o)
 .text          0x0000000000017680        0x0 c:/psdk3v2/ps3dev/ppu/bin/../lib/gcc/powerpc64-ps3-elf/4.5.2/../../../../powerpc64-ps3-elf/lib\libc.a(lib_a-findfp.o)
 .text._cleanup_r
                0x0000000000017680       0x34 c:/psdk3v2/ps3dev/ppu/bin/../lib/gcc/powerpc64-ps3-elf/4.5.2/../../../../powerpc64-ps3-elf/lib\libc.a(lib_a-findfp.o)
                0x0000000000017680                ._cleanup_r
 *fill*         0x00000000000176b4        0x4 60000000
 .text.__fp_unlock
                0x00000000000176b8       0x48 c:/psdk3v2/ps3dev/ppu/bin/../lib/gcc/powerpc64-ps3-elf/4.5.2/../../../../powerpc64-ps3-elf/lib\libc.a(lib_a-findfp.o)
 .text.__fp_lock
                0x0000000000017700       0x48 c:/psdk3v2/ps3dev/ppu/bin/../lib/gcc/powerpc64-ps3-elf/4.5.2/../../../../powerpc64-ps3-elf/lib\libc.a(lib_a-findfp.o)
 .text.__sfmoreglue
                0x0000000000017748       0x94 c:/psdk3v2/ps3dev/ppu/bin/../lib/gcc/powerpc64-ps3-elf/4.5.2/../../../../powerpc64-ps3-elf/lib\libc.a(lib_a-findfp.o)
                0x0000000000017748                .__sfmoreglue
 *fill*         0x00000000000177dc        0x4 60000000
 .text._cleanup
                0x00000000000177e0       0x18 c:/psdk3v2/ps3dev/ppu/bin/../lib/gcc/powerpc64-ps3-elf/4.5.2/../../../../powerpc64-ps3-elf/lib\libc.a(lib_a-findfp.o)
                0x00000000000177e0                ._cleanup
 .text.__sfp_lock_acquire
                0x00000000000177f8       0x34 c:/psdk3v2/ps3dev/ppu/bin/../lib/gcc/powerpc64-ps3-elf/4.5.2/../../../../powerpc64-ps3-elf/lib\libc.a(lib_a-findfp.o)
                0x00000000000177f8                .__sfp_lock_acquire
 *fill*         0x000000000001782c        0x4 60000000
 .text.__sfp_lock_release
                0x0000000000017830       0x34 c:/psdk3v2/ps3dev/ppu/bin/../lib/gcc/powerpc64-ps3-elf/4.5.2/../../../../powerpc64-ps3-elf/lib\libc.a(lib_a-findfp.o)
                0x0000000000017830                .__sfp_lock_release
 *fill*         0x0000000000017864        0x4 60000000
 .text.__sinit_lock_acquire
                0x0000000000017868       0x34 c:/psdk3v2/ps3dev/ppu/bin/../lib/gcc/powerpc64-ps3-elf/4.5.2/../../../../powerpc64-ps3-elf/lib\libc.a(lib_a-findfp.o)
                0x0000000000017868                .__sinit_lock_acquire
 *fill*         0x000000000001789c        0x4 60000000
 .text.__sinit_lock_release
                0x00000000000178a0       0x34 c:/psdk3v2/ps3dev/ppu/bin/../lib/gcc/powerpc64-ps3-elf/4.5.2/../../../../powerpc64-ps3-elf/lib\libc.a(lib_a-findfp.o)
                0x00000000000178a0                .__sinit_lock_release
 *fill*         0x00000000000178d4        0x4 60000000
 .text.__sinit  0x00000000000178d8      0x1d8 c:/psdk3v2/ps3dev/ppu/bin/../lib/gcc/powerpc64-ps3-elf/4.5.2/../../../../powerpc64-ps3-elf/lib\libc.a(lib_a-findfp.o)
                0x00000000000178d8                .__sinit
 .text.__sfp    0x0000000000017ab0      0x190 c:/psdk3v2/ps3dev/ppu/bin/../lib/gcc/powerpc64-ps3-elf/4.5.2/../../../../powerpc64-ps3-elf/lib\libc.a(lib_a-findfp.o)
                0x0000000000017ab0                .__sfp
 .text.__fp_lock_all
                0x0000000000017c40       0x40 c:/psdk3v2/ps3dev/ppu/bin/../lib/gcc/powerpc64-ps3-elf/4.5.2/../../../../powerpc64-ps3-elf/lib\libc.a(lib_a-findfp.o)
                0x0000000000017c40                .__fp_lock_all
 .text.__fp_unlock_all
                0x0000000000017c80       0x3c c:/psdk3v2/ps3dev/ppu/bin/../lib/gcc/powerpc64-ps3-elf/4.5.2/../../../../powerpc64-ps3-elf/lib\libc.a(lib_a-findfp.o)
                0x0000000000017c80                .__fp_unlock_all
 .text          0x0000000000017cbc        0x0 c:/psdk3v2/ps3dev/ppu/bin/../lib/gcc/powerpc64-ps3-elf/4.5.2/../../../../powerpc64-ps3-elf/lib\libc.a(lib_a-fwalk.o)
 *fill*         0x0000000000017cbc        0x4 60000000
 .text._fwalk   0x0000000000017cc0       0xfc c:/psdk3v2/ps3dev/ppu/bin/../lib/gcc/powerpc64-ps3-elf/4.5.2/../../../../powerpc64-ps3-elf/lib\libc.a(lib_a-fwalk.o)
                0x0000000000017cc0                ._fwalk
 *fill*         0x0000000000017dbc        0x4 60000000
 .text._fwalk_reent
                0x0000000000017dc0      0x108 c:/psdk3v2/ps3dev/ppu/bin/../lib/gcc/powerpc64-ps3-elf/4.5.2/../../../../powerpc64-ps3-elf/lib\libc.a(lib_a-fwalk.o)
                0x0000000000017dc0                ._fwalk_reent
 .text          0x0000000000017ec8        0x0 c:/psdk3v2/ps3dev/ppu/bin/../lib/gcc/powerpc64-ps3-elf/4.5.2/../../../../powerpc64-ps3-elf/lib\libc.a(lib_a-iswspace.o)
 .text.iswspace
                0x0000000000017ec8       0x3c c:/psdk3v2/ps3dev/ppu/bin/../lib/gcc/powerpc64-ps3-elf/4.5.2/../../../../powerpc64-ps3-elf/lib\libc.a(lib_a-iswspace.o)
                0x0000000000017ec8                .iswspace
 .text          0x0000000000017f04        0x0 c:/psdk3v2/ps3dev/ppu/bin/../lib/gcc/powerpc64-ps3-elf/4.5.2/../../../../powerpc64-ps3-elf/lib\libc.a(lib_a-locale.o)
 *fill*         0x0000000000017f04        0x4 60000000
 .text._setlocale_r
                0x0000000000017f08       0xa8 c:/psdk3v2/ps3dev/ppu/bin/../lib/gcc/powerpc64-ps3-elf/4.5.2/../../../../powerpc64-ps3-elf/lib\libc.a(lib_a-locale.o)
                0x0000000000017f08                ._setlocale_r
 .text.__locale_charset
                0x0000000000017fb0       0x14 c:/psdk3v2/ps3dev/ppu/bin/../lib/gcc/powerpc64-ps3-elf/4.5.2/../../../../powerpc64-ps3-elf/lib\libc.a(lib_a-locale.o)
                0x0000000000017fb0                .__locale_charset
 *fill*         0x0000000000017fc4        0x4 60000000
 .text.__locale_mb_cur_max
                0x0000000000017fc8       0x1c c:/psdk3v2/ps3dev/ppu/bin/../lib/gcc/powerpc64-ps3-elf/4.5.2/../../../../powerpc64-ps3-elf/lib\libc.a(lib_a-locale.o)
                0x0000000000017fc8                .__locale_mb_cur_max
 *fill*         0x0000000000017fe4        0x4 60000000
 .text.__locale_msgcharset
                0x0000000000017fe8       0x14 c:/psdk3v2/ps3dev/ppu/bin/../lib/gcc/powerpc64-ps3-elf/4.5.2/../../../../powerpc64-ps3-elf/lib\libc.a(lib_a-locale.o)
                0x0000000000017fe8                .__locale_msgcharset
 *fill*         0x0000000000017ffc        0x4 60000000
 .text.__locale_cjk_lang
                0x0000000000018000       0x14 c:/psdk3v2/ps3dev/ppu/bin/../lib/gcc/powerpc64-ps3-elf/4.5.2/../../../../powerpc64-ps3-elf/lib\libc.a(lib_a-locale.o)
                0x0000000000018000                .__locale_cjk_lang
 *fill*         0x0000000000018014        0x4 60000000
 .text._localeconv_r
                0x0000000000018018       0x14 c:/psdk3v2/ps3dev/ppu/bin/../lib/gcc/powerpc64-ps3-elf/4.5.2/../../../../powerpc64-ps3-elf/lib\libc.a(lib_a-locale.o)
                0x0000000000018018                ._localeconv_r
 *fill*         0x000000000001802c        0x4 60000000
 .text.setlocale
                0x0000000000018030       0x50 c:/psdk3v2/ps3dev/ppu/bin/../lib/gcc/powerpc64-ps3-elf/4.5.2/../../../../powerpc64-ps3-elf/lib\libc.a(lib_a-locale.o)
                0x0000000000018030                .setlocale
 .text.localeconv
                0x0000000000018080       0x34 c:/psdk3v2/ps3dev/ppu/bin/../lib/gcc/powerpc64-ps3-elf/4.5.2/../../../../powerpc64-ps3-elf/lib\libc.a(lib_a-locale.o)
                0x0000000000018080                .localeconv
 .text          0x00000000000180b4        0x0 c:/psdk3v2/ps3dev/ppu/bin/../lib/gcc/powerpc64-ps3-elf/4.5.2/../../../../powerpc64-ps3-elf/lib\libc.a(lib_a-mbrtowc.o)
 *fill*         0x00000000000180b4        0x4 60000000
 .text._mbrtowc_r
                0x00000000000180b8      0x10c c:/psdk3v2/ps3dev/ppu/bin/../lib/gcc/powerpc64-ps3-elf/4.5.2/../../../../powerpc64-ps3-elf/lib\libc.a(lib_a-mbrtowc.o)
                0x00000000000180b8                ._mbrtowc_r
 *fill*         0x00000000000181c4        0x4 60000000
 .text.mbrtowc  0x00000000000181c8      0x170 c:/psdk3v2/ps3dev/ppu/bin/../lib/gcc/powerpc64-ps3-elf/4.5.2/../../../../powerpc64-ps3-elf/lib\libc.a(lib_a-mbrtowc.o)
                0x00000000000181c8                .mbrtowc
 .text          0x0000000000018338        0x0 c:/psdk3v2/ps3dev/ppu/bin/../lib/gcc/powerpc64-ps3-elf/4.5.2/../../../../powerpc64-ps3-elf/lib\libc.a(lib_a-mbtowc_r.o)
 .text.__ascii_mbtowc
                0x0000000000018338       0x58 c:/psdk3v2/ps3dev/ppu/bin/../lib/gcc/powerpc64-ps3-elf/4.5.2/../../../../powerpc64-ps3-elf/lib\libc.a(lib_a-mbtowc_r.o)
                0x0000000000018338                .__ascii_mbtowc
 .text._mbtowc_r
                0x0000000000018390       0x98 c:/psdk3v2/ps3dev/ppu/bin/../lib/gcc/powerpc64-ps3-elf/4.5.2/../../../../powerpc64-ps3-elf/lib\libc.a(lib_a-mbtowc_r.o)
                0x0000000000018390                ._mbtowc_r
 .text          0x0000000000018428        0x0 c:/psdk3v2/ps3dev/ppu/bin/../lib/gcc/powerpc64-ps3-elf/4.5.2/../../../../powerpc64-ps3-elf/lib\libc.a(lib_a-s_fpclassify.o)
 .text.__fpclassifyd
                0x0000000000018428       0xc4 c:/psdk3v2/ps3dev/ppu/bin/../lib/gcc/powerpc64-ps3-elf/4.5.2/../../../../powerpc64-ps3-elf/lib\libc.a(lib_a-s_fpclassify.o)
                0x0000000000018428                .__fpclassifyd
 .text          0x00000000000184ec        0x0 c:/psdk3v2/ps3dev/ppu/bin/../lib/gcc/powerpc64-ps3-elf/4.5.2/../../../../powerpc64-ps3-elf/lib\libc.a(lib_a-sccl.o)
 *fill*         0x00000000000184ec        0x4 60000000
 .text.__sccl   0x00000000000184f0      0x120 c:/psdk3v2/ps3dev/ppu/bin/../lib/gcc/powerpc64-ps3-elf/4.5.2/../../../../powerpc64-ps3-elf/lib\libc.a(lib_a-sccl.o)
                0x00000000000184f0                .__sccl
 .text          0x0000000000018610        0x0 c:/psdk3v2/ps3dev/ppu/bin/../lib/gcc/powerpc64-ps3-elf/4.5.2/../../../../powerpc64-ps3-elf/lib\libc.a(lib_a-sf_nan.o)
 .text.nanf     0x0000000000018610       0x18 c:/psdk3v2/ps3dev/ppu/bin/../lib/gcc/powerpc64-ps3-elf/4.5.2/../../../../powerpc64-ps3-elf/lib\libc.a(lib_a-sf_nan.o)
                0x0000000000018610                .nanf
 .text          0x0000000000018628        0x0 c:/psdk3v2/ps3dev/ppu/bin/../lib/gcc/powerpc64-ps3-elf/4.5.2/../../../../powerpc64-ps3-elf/lib\libc.a(lib_a-sprintf.o)
 .text._sprintf_r
                0x0000000000018628       0x84 c:/psdk3v2/ps3dev/ppu/bin/../lib/gcc/powerpc64-ps3-elf/4.5.2/../../../../powerpc64-ps3-elf/lib\libc.a(lib_a-sprintf.o)
                0x0000000000018628                ._sprintf_r
 *fill*         0x00000000000186ac        0x4 60000000
 .text.sprintf  0x00000000000186b0       0x9c c:/psdk3v2/ps3dev/ppu/bin/../lib/gcc/powerpc64-ps3-elf/4.5.2/../../../../powerpc64-ps3-elf/lib\libc.a(lib_a-sprintf.o)
                0x00000000000186b0                .sprintf
 .text          0x000000000001874c        0x0 c:/psdk3v2/ps3dev/ppu/bin/../lib/gcc/powerpc64-ps3-elf/4.5.2/../../../../powerpc64-ps3-elf/lib\libc.a(lib_a-strcmp.o)
 *fill*         0x000000000001874c        0x4 60000000
 .text.strcmp   0x0000000000018750       0xfc c:/psdk3v2/ps3dev/ppu/bin/../lib/gcc/powerpc64-ps3-elf/4.5.2/../../../../powerpc64-ps3-elf/lib\libc.a(lib_a-strcmp.o)
                0x0000000000018750                .strcmp
 .text          0x000000000001884c        0x0 c:/psdk3v2/ps3dev/ppu/bin/../lib/gcc/powerpc64-ps3-elf/4.5.2/../../../../powerpc64-ps3-elf/lib\libc.a(lib_a-strtod.o)
 *fill*         0x000000000001884c        0x4 60000000
 .text.match    0x0000000000018850       0x6c c:/psdk3v2/ps3dev/ppu/bin/../lib/gcc/powerpc64-ps3-elf/4.5.2/../../../../powerpc64-ps3-elf/lib\libc.a(lib_a-strtod.o)
 *fill*         0x00000000000188bc        0x4 60000000
 .text._strtod_r
                0x00000000000188c0     0x1578 c:/psdk3v2/ps3dev/ppu/bin/../lib/gcc/powerpc64-ps3-elf/4.5.2/../../../../powerpc64-ps3-elf/lib\libc.a(lib_a-strtod.o)
                0x00000000000188c0                ._strtod_r
 .text.strtod   0x0000000000019e38       0x50 c:/psdk3v2/ps3dev/ppu/bin/../lib/gcc/powerpc64-ps3-elf/4.5.2/../../../../powerpc64-ps3-elf/lib\libc.a(lib_a-strtod.o)
                0x0000000000019e38                .strtod
 .text.strtof   0x0000000000019e88       0x98 c:/psdk3v2/ps3dev/ppu/bin/../lib/gcc/powerpc64-ps3-elf/4.5.2/../../../../powerpc64-ps3-elf/lib\libc.a(lib_a-strtod.o)
                0x0000000000019e88                .strtof
 .text          0x0000000000019f20        0x0 c:/psdk3v2/ps3dev/ppu/bin/../lib/gcc/powerpc64-ps3-elf/4.5.2/../../../../powerpc64-ps3-elf/lib\libc.a(lib_a-strtol.o)
 .text._strtol_r
                0x0000000000019f20      0x24c c:/psdk3v2/ps3dev/ppu/bin/../lib/gcc/powerpc64-ps3-elf/4.5.2/../../../../powerpc64-ps3-elf/lib\libc.a(lib_a-strtol.o)
                0x0000000000019f20                ._strtol_r
 *fill*         0x000000000001a16c        0x4 60000000
 .text.strtol   0x000000000001a170       0x60 c:/psdk3v2/ps3dev/ppu/bin/../lib/gcc/powerpc64-ps3-elf/4.5.2/../../../../powerpc64-ps3-elf/lib\libc.a(lib_a-strtol.o)
                0x000000000001a170                .strtol
 .text          0x000000000001a1d0        0x0 c:/psdk3v2/ps3dev/ppu/bin/../lib/gcc/powerpc64-ps3-elf/4.5.2/../../../../powerpc64-ps3-elf/lib\libc.a(lib_a-strtoll_r.o)
 .text._strtoll_r
                0x000000000001a1d0      0x24c c:/psdk3v2/ps3dev/ppu/bin/../lib/gcc/powerpc64-ps3-elf/4.5.2/../../../../powerpc64-ps3-elf/lib\libc.a(lib_a-strtoll_r.o)
                0x000000000001a1d0                ._strtoll_r
 .text          0x000000000001a41c        0x0 c:/psdk3v2/ps3dev/ppu/bin/../lib/gcc/powerpc64-ps3-elf/4.5.2/../../../../powerpc64-ps3-elf/lib\libc.a(lib_a-strtoul.o)
 *fill*         0x000000000001a41c        0x4 60000000
 .text._strtoul_r
                0x000000000001a420      0x230 c:/psdk3v2/ps3dev/ppu/bin/../lib/gcc/powerpc64-ps3-elf/4.5.2/../../../../powerpc64-ps3-elf/lib\libc.a(lib_a-strtoul.o)
                0x000000000001a420                ._strtoul_r
 .text.strtoul  0x000000000001a650       0x60 c:/psdk3v2/ps3dev/ppu/bin/../lib/gcc/powerpc64-ps3-elf/4.5.2/../../../../powerpc64-ps3-elf/lib\libc.a(lib_a-strtoul.o)
                0x000000000001a650                .strtoul
 .text          0x000000000001a6b0        0x0 c:/psdk3v2/ps3dev/ppu/bin/../lib/gcc/powerpc64-ps3-elf/4.5.2/../../../../powerpc64-ps3-elf/lib\libc.a(lib_a-strtoull_r.o)
 .text._strtoull_r
                0x000000000001a6b0      0x230 c:/psdk3v2/ps3dev/ppu/bin/../lib/gcc/powerpc64-ps3-elf/4.5.2/../../../../powerpc64-ps3-elf/lib\libc.a(lib_a-strtoull_r.o)
                0x000000000001a6b0                ._strtoull_r
 .text          0x000000000001a8e0        0x0 c:/psdk3v2/ps3dev/ppu/bin/../lib/gcc/powerpc64-ps3-elf/4.5.2/../../../../powerpc64-ps3-elf/lib\libc.a(lib_a-svfiscanf.o)
 .text._sungetc_r
                0x000000000001a8e0      0x158 c:/psdk3v2/ps3dev/ppu/bin/../lib/gcc/powerpc64-ps3-elf/4.5.2/../../../../powerpc64-ps3-elf/lib\libc.a(lib_a-svfiscanf.o)
                0x000000000001a8e0                ._sungetc_r
 .text.__ssrefill_r
                0x000000000001aa38       0xa0 c:/psdk3v2/ps3dev/ppu/bin/../lib/gcc/powerpc64-ps3-elf/4.5.2/../../../../powerpc64-ps3-elf/lib\libc.a(lib_a-svfiscanf.o)
                0x000000000001aa38                .__ssrefill_r
 .text._sfread_r
                0x000000000001aad8      0x194 c:/psdk3v2/ps3dev/ppu/bin/../lib/gcc/powerpc64-ps3-elf/4.5.2/../../../../powerpc64-ps3-elf/lib\libc.a(lib_a-svfiscanf.o)
                0x000000000001aad8                ._sfread_r
 *fill*         0x000000000001ac6c        0x4 60000000
 .text.__ssvfiscanf_r
                0x000000000001ac70     0x1208 c:/psdk3v2/ps3dev/ppu/bin/../lib/gcc/powerpc64-ps3-elf/4.5.2/../../../../powerpc64-ps3-elf/lib\libc.a(lib_a-svfiscanf.o)
                0x000000000001ac70                .__ssvfiscanf_r
 .text          0x000000000001be78        0x0 c:/psdk3v2/ps3dev/ppu/bin/../lib/gcc/powerpc64-ps3-elf/4.5.2/../../../../powerpc64-ps3-elf/lib\libc.a(lib_a-svfprintf.o)
 .text._svfprintf_r
                0x000000000001be78     0x2120 c:/psdk3v2/ps3dev/ppu/bin/../lib/gcc/powerpc64-ps3-elf/4.5.2/../../../../powerpc64-ps3-elf/lib\libc.a(lib_a-svfprintf.o)
                0x000000000001be78                ._svfprintf_r
 .text          0x000000000001df98        0x0 c:/psdk3v2/ps3dev/ppu/bin/../lib/gcc/powerpc64-ps3-elf/4.5.2/../../../../powerpc64-ps3-elf/lib\libc.a(lib_a-ungetc.o)
 .text.__submore
                0x000000000001df98      0x124 c:/psdk3v2/ps3dev/ppu/bin/../lib/gcc/powerpc64-ps3-elf/4.5.2/../../../../powerpc64-ps3-elf/lib\libc.a(lib_a-ungetc.o)
                0x000000000001df98                .__submore
 *fill*         0x000000000001e0bc        0x4 60000000
 .text._ungetc_r
                0x000000000001e0c0      0x2b8 c:/psdk3v2/ps3dev/ppu/bin/../lib/gcc/powerpc64-ps3-elf/4.5.2/../../../../powerpc64-ps3-elf/lib\libc.a(lib_a-ungetc.o)
                0x000000000001e0c0                ._ungetc_r
 .text.ungetc   0x000000000001e378       0x50 c:/psdk3v2/ps3dev/ppu/bin/../lib/gcc/powerpc64-ps3-elf/4.5.2/../../../../powerpc64-ps3-elf/lib\libc.a(lib_a-ungetc.o)
                0x000000000001e378                .ungetc
 .text          0x000000000001e3c8        0x0 c:/psdk3v2/ps3dev/ppu/bin/../lib/gcc/powerpc64-ps3-elf/4.5.2/../../../../powerpc64-ps3-elf/lib\libc.a(lib_a-dtoa.o)
 .text.quorem   0x000000000001e3c8      0x258 c:/psdk3v2/ps3dev/ppu/bin/../lib/gcc/powerpc64-ps3-elf/4.5.2/../../../../powerpc64-ps3-elf/lib\libc.a(lib_a-dtoa.o)
 .text._dtoa_r  0x000000000001e620     0x1328 c:/psdk3v2/ps3dev/ppu/bin/../lib/gcc/powerpc64-ps3-elf/4.5.2/../../../../powerpc64-ps3-elf/lib\libc.a(lib_a-dtoa.o)
                0x000000000001e620                ._dtoa_r
 .text          0x000000000001f948        0x0 c:/psdk3v2/ps3dev/ppu/bin/../lib/gcc/powerpc64-ps3-elf/4.5.2/../../../../powerpc64-ps3-elf/lib\libc.a(lib_a-fclose.o)
 .text._fclose_r
                0x000000000001f948      0x1ec c:/psdk3v2/ps3dev/ppu/bin/../lib/gcc/powerpc64-ps3-elf/4.5.2/../../../../powerpc64-ps3-elf/lib\libc.a(lib_a-fclose.o)
                0x000000000001f948                ._fclose_r
 *fill*         0x000000000001fb34        0x4 60000000
 .text.fclose   0x000000000001fb38       0x40 c:/psdk3v2/ps3dev/ppu/bin/../lib/gcc/powerpc64-ps3-elf/4.5.2/../../../../powerpc64-ps3-elf/lib\libc.a(lib_a-fclose.o)
                0x000000000001fb38                .fclose
 .text          0x000000000001fb78        0x0 c:/psdk3v2/ps3dev/ppu/bin/../lib/gcc/powerpc64-ps3-elf/4.5.2/../../../../powerpc64-ps3-elf/lib\libc.a(lib_a-fflush.o)
 .text._fflush_r
                0x000000000001fb78      0x410 c:/psdk3v2/ps3dev/ppu/bin/../lib/gcc/powerpc64-ps3-elf/4.5.2/../../../../powerpc64-ps3-elf/lib\libc.a(lib_a-fflush.o)
                0x000000000001fb78                ._fflush_r
 .text.fflush   0x000000000001ff88       0x74 c:/psdk3v2/ps3dev/ppu/bin/../lib/gcc/powerpc64-ps3-elf/4.5.2/../../../../powerpc64-ps3-elf/lib\libc.a(lib_a-fflush.o)
                0x000000000001ff88                .fflush
 .text          0x000000000001fffc        0x0 c:/psdk3v2/ps3dev/ppu/bin/../lib/gcc/powerpc64-ps3-elf/4.5.2/../../../../powerpc64-ps3-elf/lib\libc.a(lib_a-gdtoa-gethex.o)
 *fill*         0x000000000001fffc        0x4 60000000
 .text.rshift   0x0000000000020000      0x164 c:/psdk3v2/ps3dev/ppu/bin/../lib/gcc/powerpc64-ps3-elf/4.5.2/../../../../powerpc64-ps3-elf/lib\libc.a(lib_a-gdtoa-gethex.o)
 *fill*         0x0000000000020164        0x4 60000000
 .text.__hexdig_init
                0x0000000000020168       0x8c c:/psdk3v2/ps3dev/ppu/bin/../lib/gcc/powerpc64-ps3-elf/4.5.2/../../../../powerpc64-ps3-elf/lib\libc.a(lib_a-gdtoa-gethex.o)
                0x0000000000020168                .__hexdig_init
 *fill*         0x00000000000201f4        0x4 60000000
 .text.__gethex
                0x00000000000201f8      0x934 c:/psdk3v2/ps3dev/ppu/bin/../lib/gcc/powerpc64-ps3-elf/4.5.2/../../../../powerpc64-ps3-elf/lib\libc.a(lib_a-gdtoa-gethex.o)
                0x00000000000201f8                .__gethex
 .text          0x0000000000020b2c        0x0 c:/psdk3v2/ps3dev/ppu/bin/../lib/gcc/powerpc64-ps3-elf/4.5.2/../../../../powerpc64-ps3-elf/lib\libc.a(lib_a-gdtoa-hexnan.o)
 *fill*         0x0000000000020b2c        0x4 60000000
 .text.__hexnan
                0x0000000000020b30      0x324 c:/psdk3v2/ps3dev/ppu/bin/../lib/gcc/powerpc64-ps3-elf/4.5.2/../../../../powerpc64-ps3-elf/lib\libc.a(lib_a-gdtoa-hexnan.o)
                0x0000000000020b30                .__hexnan
 .text          0x0000000000020e54        0x0 c:/psdk3v2/ps3dev/ppu/bin/../lib/gcc/powerpc64-ps3-elf/4.5.2/../../../../powerpc64-ps3-elf/lib\libc.a(lib_a-memchr.o)
 *fill*         0x0000000000020e54        0x4 60000000
 .text.memchr   0x0000000000020e58      0x13c c:/psdk3v2/ps3dev/ppu/bin/../lib/gcc/powerpc64-ps3-elf/4.5.2/../../../../powerpc64-ps3-elf/lib\libc.a(lib_a-memchr.o)
                0x0000000000020e58                .memchr
 .text          0x0000000000020f94        0x0 c:/psdk3v2/ps3dev/ppu/bin/../lib/gcc/powerpc64-ps3-elf/4.5.2/../../../../powerpc64-ps3-elf/lib\libc.a(lib_a-memcpy.o)
 *fill*         0x0000000000020f94        0x4 60000000
 .text.memcpy   0x0000000000020f98       0xf8 c:/psdk3v2/ps3dev/ppu/bin/../lib/gcc/powerpc64-ps3-elf/4.5.2/../../../../powerpc64-ps3-elf/lib\libc.a(lib_a-memcpy.o)
                0x0000000000020f98                .memcpy
 .text          0x0000000000021090        0x0 c:/psdk3v2/ps3dev/ppu/bin/../lib/gcc/powerpc64-ps3-elf/4.5.2/../../../../powerpc64-ps3-elf/lib\libc.a(lib_a-mprec.o)
 .text._Balloc  0x0000000000021090       0xd4 c:/psdk3v2/ps3dev/ppu/bin/../lib/gcc/powerpc64-ps3-elf/4.5.2/../../../../powerpc64-ps3-elf/lib\libc.a(lib_a-mprec.o)
                0x0000000000021090                ._Balloc
 *fill*         0x0000000000021164        0x4 60000000
 .text._Bfree   0x0000000000021168       0x34 c:/psdk3v2/ps3dev/ppu/bin/../lib/gcc/powerpc64-ps3-elf/4.5.2/../../../../powerpc64-ps3-elf/lib\libc.a(lib_a-mprec.o)
                0x0000000000021168                ._Bfree
 *fill*         0x000000000002119c        0x4 60000000
 .text.__multadd
                0x00000000000211a0      0x164 c:/psdk3v2/ps3dev/ppu/bin/../lib/gcc/powerpc64-ps3-elf/4.5.2/../../../../powerpc64-ps3-elf/lib\libc.a(lib_a-mprec.o)
                0x00000000000211a0                .__multadd
 *fill*         0x0000000000021304        0x4 60000000
 .text.__s2b    0x0000000000021308      0x164 c:/psdk3v2/ps3dev/ppu/bin/../lib/gcc/powerpc64-ps3-elf/4.5.2/../../../../powerpc64-ps3-elf/lib\libc.a(lib_a-mprec.o)
                0x0000000000021308                .__s2b
 *fill*         0x000000000002146c        0x4 60000000
 .text.__hi0bits
                0x0000000000021470       0x94 c:/psdk3v2/ps3dev/ppu/bin/../lib/gcc/powerpc64-ps3-elf/4.5.2/../../../../powerpc64-ps3-elf/lib\libc.a(lib_a-mprec.o)
                0x0000000000021470                .__hi0bits
 *fill*         0x0000000000021504        0x4 60000000
 .text.__lo0bits
                0x0000000000021508       0xec c:/psdk3v2/ps3dev/ppu/bin/../lib/gcc/powerpc64-ps3-elf/4.5.2/../../../../powerpc64-ps3-elf/lib\libc.a(lib_a-mprec.o)
                0x0000000000021508                .__lo0bits
 *fill*         0x00000000000215f4        0x4 60000000
 .text.__i2b    0x00000000000215f8       0x48 c:/psdk3v2/ps3dev/ppu/bin/../lib/gcc/powerpc64-ps3-elf/4.5.2/../../../../powerpc64-ps3-elf/lib\libc.a(lib_a-mprec.o)
                0x00000000000215f8                .__i2b
 .text.__multiply
                0x0000000000021640      0x2a0 c:/psdk3v2/ps3dev/ppu/bin/../lib/gcc/powerpc64-ps3-elf/4.5.2/../../../../powerpc64-ps3-elf/lib\libc.a(lib_a-mprec.o)
                0x0000000000021640                .__multiply
 .text.__pow5mult
                0x00000000000218e0      0x15c c:/psdk3v2/ps3dev/ppu/bin/../lib/gcc/powerpc64-ps3-elf/4.5.2/../../../../powerpc64-ps3-elf/lib\libc.a(lib_a-mprec.o)
                0x00000000000218e0                .__pow5mult
 *fill*         0x0000000000021a3c        0x4 60000000
 .text.__lshift
                0x0000000000021a40      0x1c8 c:/psdk3v2/ps3dev/ppu/bin/../lib/gcc/powerpc64-ps3-elf/4.5.2/../../../../powerpc64-ps3-elf/lib\libc.a(lib_a-mprec.o)
                0x0000000000021a40                .__lshift
 .text.__mcmp   0x0000000000021c08       0x84 c:/psdk3v2/ps3dev/ppu/bin/../lib/gcc/powerpc64-ps3-elf/4.5.2/../../../../powerpc64-ps3-elf/lib\libc.a(lib_a-mprec.o)
                0x0000000000021c08                .__mcmp
 *fill*         0x0000000000021c8c        0x4 60000000
 .text.__mdiff  0x0000000000021c90      0x1fc c:/psdk3v2/ps3dev/ppu/bin/../lib/gcc/powerpc64-ps3-elf/4.5.2/../../../../powerpc64-ps3-elf/lib\libc.a(lib_a-mprec.o)
                0x0000000000021c90                .__mdiff
 *fill*         0x0000000000021e8c        0x4 60000000
 .text.__ulp    0x0000000000021e90       0xb8 c:/psdk3v2/ps3dev/ppu/bin/../lib/gcc/powerpc64-ps3-elf/4.5.2/../../../../powerpc64-ps3-elf/lib\libc.a(lib_a-mprec.o)
                0x0000000000021e90                .__ulp
 .text.__b2d    0x0000000000021f48      0x1c0 c:/psdk3v2/ps3dev/ppu/bin/../lib/gcc/powerpc64-ps3-elf/4.5.2/../../../../powerpc64-ps3-elf/lib\libc.a(lib_a-mprec.o)
                0x0000000000021f48                .__b2d
 .text.__d2b    0x0000000000022108      0x1ac c:/psdk3v2/ps3dev/ppu/bin/../lib/gcc/powerpc64-ps3-elf/4.5.2/../../../../powerpc64-ps3-elf/lib\libc.a(lib_a-mprec.o)
                0x0000000000022108                .__d2b
 *fill*         0x00000000000222b4        0x4 60000000
 .text.__ratio  0x00000000000222b8       0xf8 c:/psdk3v2/ps3dev/ppu/bin/../lib/gcc/powerpc64-ps3-elf/4.5.2/../../../../powerpc64-ps3-elf/lib\libc.a(lib_a-mprec.o)
                0x00000000000222b8                .__ratio
 .text._mprec_log10
                0x00000000000223b0       0x4c c:/psdk3v2/ps3dev/ppu/bin/../lib/gcc/powerpc64-ps3-elf/4.5.2/../../../../powerpc64-ps3-elf/lib\libc.a(lib_a-mprec.o)
                0x00000000000223b0                ._mprec_log10
 *fill*         0x00000000000223fc        0x4 60000000
 .text.__copybits
                0x0000000000022400       0x98 c:/psdk3v2/ps3dev/ppu/bin/../lib/gcc/powerpc64-ps3-elf/4.5.2/../../../../powerpc64-ps3-elf/lib\libc.a(lib_a-mprec.o)
                0x0000000000022400                .__copybits
 .text.__any_on
                0x0000000000022498       0xf4 c:/psdk3v2/ps3dev/ppu/bin/../lib/gcc/powerpc64-ps3-elf/4.5.2/../../../../powerpc64-ps3-elf/lib\libc.a(lib_a-mprec.o)
                0x0000000000022498                .__any_on
 .text          0x000000000002258c        0x0 c:/psdk3v2/ps3dev/ppu/bin/../lib/gcc/powerpc64-ps3-elf/4.5.2/../../../../powerpc64-ps3-elf/lib\libc.a(lib_a-reallocr.o)
 *fill*         0x000000000002258c        0x4 60000000
 .text._realloc_r
                0x0000000000022590      0x710 c:/psdk3v2/ps3dev/ppu/bin/../lib/gcc/powerpc64-ps3-elf/4.5.2/../../../../powerpc64-ps3-elf/lib\libc.a(lib_a-reallocr.o)
                0x0000000000022590                ._realloc_r
 .text          0x0000000000022ca0        0x0 c:/psdk3v2/ps3dev/ppu/bin/../lib/gcc/powerpc64-ps3-elf/4.5.2/../../../../powerpc64-ps3-elf/lib\libc.a(lib_a-svfiprintf.o)
 .text.__ssprint_r
                0x0000000000022ca0      0x300 c:/psdk3v2/ps3dev/ppu/bin/../lib/gcc/powerpc64-ps3-elf/4.5.2/../../../../powerpc64-ps3-elf/lib\libc.a(lib_a-svfiprintf.o)
                0x0000000000022ca0                .__ssprint_r
 .text._svfiprintf_r
                0x0000000000022fa0     0x1064 c:/psdk3v2/ps3dev/ppu/bin/../lib/gcc/powerpc64-ps3-elf/4.5.2/../../../../powerpc64-ps3-elf/lib\libc.a(lib_a-svfiprintf.o)
                0x0000000000022fa0                ._svfiprintf_r
 .text          0x0000000000024004        0x0 c:/psdk3v2/ps3dev/ppu/bin/../lib/gcc/powerpc64-ps3-elf/4.5.2/../../../../powerpc64-ps3-elf/lib\libc.a(lib_a-callocr.o)
 *fill*         0x0000000000024004        0x4 60000000
 .text._calloc_r
                0x0000000000024008       0xe8 c:/psdk3v2/ps3dev/ppu/bin/../lib/gcc/powerpc64-ps3-elf/4.5.2/../../../../powerpc64-ps3-elf/lib\libc.a(lib_a-callocr.o)
                0x0000000000024008                ._calloc_r
 .text          0x00000000000240f0        0x0 c:/psdk3v2/ps3dev/ppu/bin/../lib/gcc/powerpc64-ps3-elf/4.5.2/../../../../powerpc64-ps3-elf/lib\libc.a(lib_a-memmove.o)
 .text.memmove  0x00000000000240f0      0x130 c:/psdk3v2/ps3dev/ppu/bin/../lib/gcc/powerpc64-ps3-elf/4.5.2/../../../../powerpc64-ps3-elf/lib\libc.a(lib_a-memmove.o)
                0x00000000000240f0                .memmove
 .text          0x0000000000024220        0x0 c:/psdk3v2/ps3dev/ppu/bin/../lib/gcc/powerpc64-ps3-elf/4.5.2/../../../../powerpc64-ps3-elf/lib\libsysbase.a(close.o)
 .text._close_r
                0x0000000000024220       0x6c c:/psdk3v2/ps3dev/ppu/bin/../lib/gcc/powerpc64-ps3-elf/4.5.2/../../../../powerpc64-ps3-elf/lib\libsysbase.a(close.o)
                0x0000000000024220                ._close_r
 .text          0x000000000002428c        0x0 c:/psdk3v2/ps3dev/ppu/bin/../lib/gcc/powerpc64-ps3-elf/4.5.2/../../../../powerpc64-ps3-elf/lib\libsysbase.a(lseek.o)
 *fill*         0x000000000002428c        0x4 60000000
 .text._lseek_r
                0x0000000000024290       0x6c c:/psdk3v2/ps3dev/ppu/bin/../lib/gcc/powerpc64-ps3-elf/4.5.2/../../../../powerpc64-ps3-elf/lib\libsysbase.a(lseek.o)
                0x0000000000024290                ._lseek_r
 .text          0x00000000000242fc        0x0 c:/psdk3v2/ps3dev/ppu/bin/../lib/gcc/powerpc64-ps3-elf/4.5.2/../../../../powerpc64-ps3-elf/lib\libsysbase.a(read.o)
 *fill*         0x00000000000242fc        0x4 60000000
 .text._read_r  0x0000000000024300       0x6c c:/psdk3v2/ps3dev/ppu/bin/../lib/gcc/powerpc64-ps3-elf/4.5.2/../../../../powerpc64-ps3-elf/lib\libsysbase.a(read.o)
                0x0000000000024300                ._read_r
 .text          0x000000000002436c        0x0 c:/psdk3v2/ps3dev/ppu/bin/../lib/gcc/powerpc64-ps3-elf/4.5.2/../../../../powerpc64-ps3-elf/lib\libsysbase.a(write.o)
 *fill*         0x000000000002436c        0x4 60000000
 .text._write_r
                0x0000000000024370       0x6c c:/psdk3v2/ps3dev/ppu/bin/../lib/gcc/powerpc64-ps3-elf/4.5.2/../../../../powerpc64-ps3-elf/lib\libsysbase.a(write.o)
                0x0000000000024370                ._write_r
 .text          0x00000000000243dc        0x0 c:/psdk3v2/ps3dev/ppu/bin/../lib/gcc/powerpc64-ps3-elf/4.5.2/crtend.o
 *fill*         0x00000000000243dc        0x4 60000000
 .text.__do_global_ctors_aux
                0x00000000000243e0       0x64 c:/psdk3v2/ps3dev/ppu/bin/../lib/gcc/powerpc64-ps3-elf/4.5.2/crtend.o
 .text          0x0000000000024444        0x0 c:/psdk3v2/ps3dev/ppu/bin/../lib/gcc/powerpc64-ps3-elf/4.5.2/../../../../powerpc64-ps3-elf/lib/lv2-crtn.o
 *(.text.*personality*)
 *(.gnu.warning)
 *(.sfpr .glink)
 .sfpr          0x0000000000000000        0x0 linker stubs
 *fill*         0x0000000000024444        0x0 60000000
 .glink         0x0000000000000000        0x0 linker stubs

.fini           0x0000000000024444       0x2c
 *(.fini)
 .fini          0x0000000000024444        0xc c:/psdk3v2/ps3dev/ppu/bin/../lib/gcc/powerpc64-ps3-elf/4.5.2/../../../../powerpc64-ps3-elf/lib/lv2-crti.o
                0x0000000000024444                ._fini
 .fini          0x0000000000024450        0x8 c:/psdk3v2/ps3dev/ppu/bin/../lib/gcc/powerpc64-ps3-elf/4.5.2/crtbegin.o
 .fini          0x0000000000024458        0x8 c:/PSDK3v2/psl1ght/ppu/lib\librt.a(sbrk.o)
 .fini          0x0000000000024460       0x10 c:/psdk3v2/ps3dev/ppu/bin/../lib/gcc/powerpc64-ps3-elf/4.5.2/../../../../powerpc64-ps3-elf/lib/lv2-crtn.o

.sceStub.text   0x0000000000024470     0x1dc0
 *(.sceStub.text)
 .sceStub.text  0x0000000000024470     0x1dc0 c:/PSDK3v2/psl1ght/ppu/lib\liblv2.a(sprx.o)
                0x0000000000024470                __sysGetSystemTime
                0x00000000000244b0                __sysGetSystemSwVersion
                0x00000000000244f0                __sysGetTemperature
                0x0000000000024530                __sysGetRandomNumber
                0x0000000000024570                __sysGetRtcStatus
                0x00000000000245b0                __sysBoardStorageRead
                0x00000000000245f0                __sysBoardStorageWrite
                0x0000000000024630                __sysProcessIsStack
                0x0000000000024670                __sysProcessExit
                0x0000000000024670                .sysProcessExit
                0x00000000000246b0                __sysProcessExitspawn
                0x00000000000246f0                __sysProcessExitSpawn2Ex
                0x00000000000246f0                .sysProcessExitSpawn2Ex
                0x0000000000024730                __sysProcessExitSpawnWithLevel
                0x0000000000024770                __sysProcessAtExitSpawn
                0x00000000000247b0                __sysProcess_At_ExitSpawn
                0x00000000000247f0                __sysPrxRegisterLibrary
                0x0000000000024830                __sysPrxUnregisterLibrary
                0x0000000000024870                __sysPrxStartModule
                0x00000000000248b0                __sysPrxStopModule
                0x00000000000248f0                __sysPrxLoadModule
                0x0000000000024930                __sysPrxLoadModuleByFd
                0x0000000000024970                __sysPrxLoadModuleList
                0x00000000000249b0                __sysPrxLoadModuleListOnMemcontainer
                0x00000000000249f0                __sysPrxLoadModuleOnMemcontainer
                0x0000000000024a30                __sysPrxLoadModuleOnMemcontainerByFd
                0x0000000000024a70                __sysPrxGetModuleInfo
                0x0000000000024ab0                __sysPrxGetModuleList
                0x0000000000024af0                __sysPrxGetModuleId
                0x0000000000024b30                __sysPrxGetModuleIdByAddress
                0x0000000000024b70                __sysPrxGetModuleIdByName
                0x0000000000024bb0                __sysPrxUnloadModule
                0x0000000000024bf0                __sysPrxExitSpawnWithLevel
                0x0000000000024c30                __sysThreadCreateEx
                0x0000000000024c70                __sysThreadExit
                0x0000000000024cb0                __sysThreadGetId
                0x0000000000024cf0                __sysThreadOnce
                0x0000000000024d30                __sysThreadInitialzeTLS
                0x0000000000024d70                __sysThreadRegisterAtexit
                0x0000000000024db0                __sysThreadUnregisterAtexit
                0x0000000000024df0                __sysInterruptThreadDisestablish
                0x0000000000024e30                __sysLwMutexCreate
                0x0000000000024e30                .sysLwMutexCreate
                0x0000000000024e70                __sysLwMutexDestroy
                0x0000000000024e70                .sysLwMutexDestroy
                0x0000000000024eb0                __sysLwMutexLock
                0x0000000000024eb0                .sysLwMutexLock
                0x0000000000024ef0                __sysLwMutexTryLock
                0x0000000000024ef0                .sysLwMutexTryLock
                0x0000000000024f30                .sysLwMutexUnlock
                0x0000000000024f30                __sysLwMutexUnlock
                0x0000000000024f70                __sysLwCondCreate
                0x0000000000024fb0                __sysLwCondWait
                0x0000000000024ff0                __sysLwCondSignal
                0x0000000000025030                __sysLwCondSignalTo
                0x0000000000025070                __sysLwCondSignalAll
                0x00000000000250b0                __sysLwCondDestroy
                0x00000000000250f0                .sysSpinlockInitialize
                0x00000000000250f0                __sysSpinlockInitialize
                0x0000000000025130                __sysSpinlockLock
                0x0000000000025130                .sysSpinlockLock
                0x0000000000025170                __sysSpinlockTryLock
                0x00000000000251b0                .sysSpinlockUnlock
                0x00000000000251b0                __sysSpinlockUnlock
                0x00000000000251f0                __sysWatchdogClear
                0x0000000000025230                __sysWatchdogStart
                0x0000000000025270                __sysWatchdogStop
                0x00000000000252b0                __sysMalloc
                0x00000000000252f0                __sysMemalign
                0x0000000000025330                __sysMemchr
                0x0000000000025370                __sysMemcmp
                0x00000000000253b0                __sysMemcpy
                0x00000000000253f0                __sysMemmove
                0x0000000000025430                __sysMemset
                0x0000000000025470                __sysFree
                0x00000000000254b0                __sysHeapAllocHeapMemory
                0x00000000000254f0                __sysHeapCreateHeap
                0x0000000000025530                __sysHeapDeleteHeap
                0x0000000000025570                __sysHeapFree
                0x00000000000255b0                __sysHeapGetMallInfo
                0x00000000000255f0                __sysHeapGetTotalFreeSize
                0x0000000000025630                __sysHeapMalloc
                0x0000000000025670                __sysHeapMemalign
                0x00000000000256b0                __sysHeapStats
                0x00000000000256f0                __sysQsort
                0x0000000000025730                __sysMempoolCreate
                0x0000000000025770                __sysMempoolDestroy
                0x00000000000257b0                __sysMempoolGetCount
                0x00000000000257f0                __sysMempoolAllocateBlock
                0x0000000000025830                __sysMempoolTryAllocateBlock
                0x0000000000025870                __sysMempoolFreeBlock
                0x00000000000258b0                .sysMMapperFreeMemory
                0x00000000000258b0                __sysMMapperFreeMemory
                0x00000000000258f0                __sysMMapperMapMemory
                0x0000000000025930                .sysMMapperUnmapMemory
                0x0000000000025930                __sysMMapperUnmapMemory
                0x0000000000025970                .sysMMapperAllocateMemory
                0x0000000000025970                __sysMMapperAllocateMemory
                0x00000000000259b0                __sysMMapperAllocateMemoryFromContainer
                0x00000000000259f0                __sysStrlen
                0x0000000000025a30                __sysStrcpy
                0x0000000000025a70                __sysStrncpy
                0x0000000000025ab0                __sysStrcat
                0x0000000000025af0                __sysStrncat
                0x0000000000025b30                __sysStrchr
                0x0000000000025b70                __sysStrrchr
                0x0000000000025bb0                __sysStrcmp
                0x0000000000025bf0                __sysStrncmp
                0x0000000000025c30                __sysStrncasecmp
                0x0000000000025c70                __sysToLower
                0x0000000000025cb0                __sysToUpper
                0x0000000000025cf0                __sysSpuElfGetSegments
                0x0000000000025d30                __sysSpuElfGetInformation
                0x0000000000025d70                __sysSpuRawLoad
                0x0000000000025db0                __sysSpuRawImageLoad
                0x0000000000025df0                __sysSpuImageClose
                0x0000000000025e30                __sysSpuImageImport
                0x0000000000025e70                __sysSpuPrintfAttachGroup
                0x0000000000025eb0                __sysSpuPrintfAttachThread
                0x0000000000025ef0                __sysSpuPrintfDetachGroup
                0x0000000000025f30                __sysSpuPrintfDetach_Tread
                0x0000000000025f70                __sysSpuPrintfFinalize
                0x0000000000025fb0                __sysSpuPrintfInitialize
                0x0000000000025ff0                __sysConsoleGetc
                0x0000000000026030                __sysConsolePutc
                0x0000000000026070                __sysConsoleWrite
                0x00000000000260b0                __sysPrintf
                0x00000000000260f0                __sysSprintf
                0x0000000000026130                __sysSnprintf
                0x0000000000026170                __sysVprintf
                0x00000000000261b0                __sysVsprintf
                0x00000000000261f0                __sysVsnprintf
 *(SORT(.sceStub.text.*))
                0x0000000000026230                PROVIDE (__etext, .)
                0x0000000000026230                PROVIDE (_etext, .)
                0x0000000000026230                PROVIDE (etext, .)

.eh_frame_hdr   0x0000000000026230        0x0
 *(.eh_frame_hdr)
 .eh_frame_hdr  0x0000000000000000        0x0 c:/psdk3v2/ps3dev/ppu/bin/../lib/gcc/powerpc64-ps3-elf/4.5.2/../../../../powerpc64-ps3-elf/lib/lv2-crtn.o

.eh_frame       0x0000000000026230        0x4
 *(.eh_frame)
 .eh_frame      0x0000000000026230        0x0 c:/psdk3v2/ps3dev/ppu/bin/../lib/gcc/powerpc64-ps3-elf/4.5.2/crtbegin.o
 .eh_frame      0x0000000000026230        0x4 c:/psdk3v2/ps3dev/ppu/bin/../lib/gcc/powerpc64-ps3-elf/4.5.2/crtend.o

.gcc_except_table
 *(.gcc_except_table .gcc_except_table.*)

.rodata.sceResident
                0x0000000000026234       0x12
 *(.rodata.sceResident)
 .rodata.sceResident
                0x0000000000026234       0x12 c:/PSDK3v2/psl1ght/ppu/lib\liblv2.a(sprx.o)

.rodata.sceFNID
                0x0000000000026248      0x1dc
 *(.rodata.sceFNID .rodata.sceFNID.*)
 .rodata.sceFNID
                0x0000000000026248      0x1dc c:/PSDK3v2/psl1ght/ppu/lib\liblv2.a(sprx.o)
                0x0000000000026248                sysPrxForUser
                0x0000000000026248                sysGetSystemTime_fnid
                0x000000000002624c                sysGetSystemSwVersion_fnid
                0x0000000000026250                sysGetTemperature_fnid
                0x0000000000026254                sysGetRandomNumber_fnid
                0x0000000000026258                sysGetRtcStatus_fnid
                0x000000000002625c                sysBoardStorageRead_fnid
                0x0000000000026260                sysBoardStorageWrite_fnid
                0x0000000000026264                sysProcessIsStack_fnid
                0x0000000000026268                sysProcessExit_fnid
                0x000000000002626c                sysProcessExitspawn_fnid
                0x0000000000026270                sysProcessExitSpawn2Ex_fnid
                0x0000000000026274                sysProcessExitSpawnWithLevel_fnid
                0x0000000000026278                sysProcessAtExitSpawn_fnid
                0x000000000002627c                sysProcess_At_ExitSpawn_fnid
                0x0000000000026280                sysPrxRegisterLibrary_fnid
                0x0000000000026284                sysPrxUnregisterLibrary_fnid
                0x0000000000026288                sysPrxStartModule_fnid
                0x000000000002628c                sysPrxStopModule_fnid
                0x0000000000026290                sysPrxLoadModule_fnid
                0x0000000000026294                sysPrxLoadModuleByFd_fnid
                0x0000000000026298                sysPrxLoadModuleList_fnid
                0x000000000002629c                sysPrxLoadModuleListOnMemcontainer_fnid
                0x00000000000262a0                sysPrxLoadModuleOnMemcontainer_fnid
                0x00000000000262a4                sysPrxLoadModuleOnMemcontainerByFd_fnid
                0x00000000000262a8                sysPrxGetModuleInfo_fnid
                0x00000000000262ac                sysPrxGetModuleList_fnid
                0x00000000000262b0                sysPrxGetModuleId_fnid
                0x00000000000262b4                sysPrxGetModuleIdByAddress_fnid
                0x00000000000262b8                sysPrxGetModuleIdByName_fnid
                0x00000000000262bc                sysPrxUnloadModule_fnid
                0x00000000000262c0                sysPrxExitSpawnWithLevel_fnid
                0x00000000000262c4                sysThreadCreateEx_fnid
                0x00000000000262c8                sysThreadExit_fnid
                0x00000000000262cc                sysThreadGetId_fnid
                0x00000000000262d0                sysThreadOnce_fnid
                0x00000000000262d4                sysThreadInitialzeTLS_fnid
                0x00000000000262d8                sysThreadRegisterAtexit_fnid
                0x00000000000262dc                sysThreadUnregisterAtexit_fnid
                0x00000000000262e0                sysInterruptThreadDisestablish_fnid
                0x00000000000262e4                sysLwMutexCreate_fnid
                0x00000000000262e8                sysLwMutexDestroy_fnid
                0x00000000000262ec                sysLwMutexLock_fnid
                0x00000000000262f0                sysLwMutexTryLock_fnid
                0x00000000000262f4                sysLwMutexUnlock_fnid
                0x00000000000262f8                sysLwCondCreate_fnid
                0x00000000000262fc                sysLwCondWait_fnid
                0x0000000000026300                sysLwCondSignal_fnid
                0x0000000000026304                sysLwCondSignalTo_fnid
                0x0000000000026308                sysLwCondSignalAll_fnid
                0x000000000002630c                sysLwCondDestroy_fnid
                0x0000000000026310                sysSpinlockInitialize_fnid
                0x0000000000026314                sysSpinlockLock_fnid
                0x0000000000026318                sysSpinlockTryLock_fnid
                0x000000000002631c                sysSpinlockUnlock_fnid
                0x0000000000026320                sysWatchdogClear_fnid
                0x0000000000026324                sysWatchdogStart_fnid
                0x0000000000026328                sysWatchdogStop_fnid
                0x000000000002632c                sysMalloc_fnid
                0x0000000000026330                sysMemalign_fnid
                0x0000000000026334                sysMemchr_fnid
                0x0000000000026338                sysMemcmp_fnid
                0x000000000002633c                sysMemcpy_fnid
                0x0000000000026340                sysMemmove_fnid
                0x0000000000026344                sysMemset_fnid
                0x0000000000026348                sysFree_fnid
                0x000000000002634c                sysHeapAllocHeapMemory_fnid
                0x0000000000026350                sysHeapCreateHeap_fnid
                0x0000000000026354                sysHeapDeleteHeap_fnid
                0x0000000000026358                sysHeapFree_fnid
                0x000000000002635c                sysHeapGetMallInfo_fnid
                0x0000000000026360                sysHeapGetTotalFreeSize_fnid
                0x0000000000026364                sysHeapMalloc_fnid
                0x0000000000026368                sysHeapMemalign_fnid
                0x000000000002636c                sysHeapStats_fnid
                0x0000000000026370                sysQsort_fnid
                0x0000000000026374                sysMempoolCreate_fnid
                0x0000000000026378                sysMempoolDestroy_fnid
                0x000000000002637c                sysMempoolGetCount_fnid
                0x0000000000026380                sysMempoolAllocateBlock_fnid
                0x0000000000026384                sysMempoolTryAllocateBlock_fnid
                0x0000000000026388                sysMempoolFreeBlock_fnid
                0x000000000002638c                sysMMapperFreeMemory_fnid
                0x0000000000026390                sysMMapperMapMemory_fnid
                0x0000000000026394                sysMMapperUnmapMemory_fnid
                0x0000000000026398                sysMMapperAllocateMemory_fnid
                0x000000000002639c                sysMMapperAllocateMemoryFromContainer_fnid
                0x00000000000263a0                sysStrlen_fnid
                0x00000000000263a4                sysStrcpy_fnid
                0x00000000000263a8                sysStrncpy_fnid
                0x00000000000263ac                sysStrcat_fnid
                0x00000000000263b0                sysStrncat_fnid
                0x00000000000263b4                sysStrchr_fnid
                0x00000000000263b8                sysStrrchr_fnid
                0x00000000000263bc                sysStrcmp_fnid
                0x00000000000263c0                sysStrncmp_fnid
                0x00000000000263c4                sysStrncasecmp_fnid
                0x00000000000263c8                sysToLower_fnid
                0x00000000000263cc                sysToUpper_fnid
                0x00000000000263d0                sysSpuElfGetSegments_fnid
                0x00000000000263d4                sysSpuElfGetInformation_fnid
                0x00000000000263d8                sysSpuRawLoad_fnid
                0x00000000000263dc                sysSpuRawImageLoad_fnid
                0x00000000000263e0                sysSpuImageClose_fnid
                0x00000000000263e4                sysSpuImageImport_fnid
                0x00000000000263e8                sysSpuPrintfAttachGroup_fnid
                0x00000000000263ec                sysSpuPrintfAttachThread_fnid
                0x00000000000263f0                sysSpuPrintfDetachGroup_fnid
                0x00000000000263f4                sysSpuPrintfDetach_Tread_fnid
                0x00000000000263f8                sysSpuPrintfFinalize_fnid
                0x00000000000263fc                sysSpuPrintfInitialize_fnid
                0x0000000000026400                sysConsoleGetc_fnid
                0x0000000000026404                sysConsolePutc_fnid
                0x0000000000026408                sysConsoleWrite_fnid
                0x000000000002640c                sysPrintf_fnid
                0x0000000000026410                sysSprintf_fnid
                0x0000000000026414                sysSnprintf_fnid
                0x0000000000026418                sysVprintf_fnid
                0x000000000002641c                sysVsprintf_fnid
                0x0000000000026420                sysVsnprintf_fnid

.rodata.sceVNID
 *(.rodata.sceVNID .rodata.sceVNID.*)

.rodata.sceTNID
 *(.rodata.sceTNID .rodata.sceTNID.*)

.rodata.sceVStub
 *(.rodata.sceVStub)
 *(SORT(.rodata.sceVStub.*))
                0x0000000000026424                PROVIDE (__libentstart, .)

.lib.ent.top
 *(.lib.ent.top)

.lib.ent        0x0000000000026424        0x0
 *(.lib.ent)
 .lib.ent       0x0000000000026424        0x0 c:/psdk3v2/ps3dev/ppu/bin/../lib/gcc/powerpc64-ps3-elf/4.5.2/../../../../powerpc64-ps3-elf/lib/lv2-sprx.o

.lib.ent.btm
 *(.lib.ent.btm)
                0x0000000000026424                PROVIDE (__libentend, .)
                0x0000000000026424                PROVIDE (__libstubstart, .)

.lib.stub.top
 *(.lib.stub.top)

.lib.stub       0x0000000000026424       0x2c
 *(.lib.stub)
 .lib.stub      0x0000000000026424        0x0 c:/psdk3v2/ps3dev/ppu/bin/../lib/gcc/powerpc64-ps3-elf/4.5.2/../../../../powerpc64-ps3-elf/lib/lv2-sprx.o
 .lib.stub      0x0000000000026424       0x2c c:/PSDK3v2/psl1ght/ppu/lib\liblv2.a(sprx.o)

.lib.stub.btm
 *(.lib.stub.btm)
                0x0000000000026450                PROVIDE (__libstubend, .)

.ppu_rodata
 *(.ppu_rodata .ppu_rodata.*)

.sys_proc_param
 *(.sys_proc_param)

.sys_proc_prx_param
                0x0000000000026450       0x28
 *(.sys_proc_prx_param)
 .sys_proc_prx_param
                0x0000000000026450       0x28 c:/psdk3v2/ps3dev/ppu/bin/../lib/gcc/powerpc64-ps3-elf/4.5.2/../../../../powerpc64-ps3-elf/lib/lv2-sprx.o
                0x0000000000030000                . = ALIGN (0x10000)

.ppu_data
 *(.ppu_data .ppu_data.*)

.sdata2
 *(.sdata2 .sdata2.* .gnu.linkonce.s2.*)

.sbss2
 *(.sbss2 .sbss2.* .gnu.linkonce.sb2.*)

.eh_frame
 *(.eh_frame)

.gcc_except_table
 *(.gcc_except_table .gcc_except_table.*)
                0x0000000000030000                . = ALIGN (0x8)

.preinit_array  0x0000000000030000        0x0
                0x0000000000030000                PROVIDE (__preinit_array_start, .)
 *(.preinit_array)
                0x0000000000030000                PROVIDE (__preinit_array_end, .)

.init_array     0x0000000000030000        0x0
                0x0000000000030000                PROVIDE (__init_array_start, .)
 *(SORT(.init_array.*))
 *(.init_array)
                0x0000000000030000                PROVIDE (__init_array_end, .)

.fini_array     0x0000000000030000        0x0
                0x0000000000030000                PROVIDE (__fini_array_start, .)
 *(.fini_array)
 *(SORT(.fini_array.*))
                0x0000000000030000                PROVIDE (__fini_array_end, .)

.ctors          0x0000000000030000       0x28
 *crtbegin.o(.ctors)
 .ctors         0x0000000000030000        0x8 c:/psdk3v2/ps3dev/ppu/bin/../lib/gcc/powerpc64-ps3-elf/4.5.2/crtbegin.o
 *crtbegin?.o(.ctors)
 *(EXCLUDE_FILE(*crtend?.o *crtend.o) .ctors)
 *(SORT(.ctors.*))
 .ctors.65430   0x0000000000030008        0x8 c:/psdk3v2/ps3dev/ppu/bin/../lib/gcc/powerpc64-ps3-elf/4.5.2/../../../../powerpc64-ps3-elf/lib\libc.a(lib_a-lock_internal.o)
 .ctors.65431   0x0000000000030010        0x8 c:/psdk3v2/ps3dev/ppu/bin/../lib/gcc/powerpc64-ps3-elf/4.5.2/../../../../powerpc64-ps3-elf/lib/lv2-crt0.o
 .ctors.65432   0x0000000000030018        0x8 c:/PSDK3v2/psl1ght/ppu/lib\librt.a(sbrk.o)
 *(.ctors)
 .ctors         0x0000000000030020        0x8 c:/psdk3v2/ps3dev/ppu/bin/../lib/gcc/powerpc64-ps3-elf/4.5.2/crtend.o

.dtors          0x0000000000030028       0x10
 *crtbegin.o(.dtors)
 .dtors         0x0000000000030028        0x8 c:/psdk3v2/ps3dev/ppu/bin/../lib/gcc/powerpc64-ps3-elf/4.5.2/crtbegin.o
 *crtbegin?.o(.dtors)
 *(EXCLUDE_FILE(*crtend?.o *crtend.o) .dtors)
 *(SORT(.dtors.*))
 *(.dtors)
 .dtors         0x0000000000030030        0x8 c:/psdk3v2/ps3dev/ppu/bin/../lib/gcc/powerpc64-ps3-elf/4.5.2/crtend.o
                0x0000000000030030                __DTOR_END__

.jcr            0x0000000000030038        0x8
 *(.jcr)
 .jcr           0x0000000000030038        0x0 c:/psdk3v2/ps3dev/ppu/bin/../lib/gcc/powerpc64-ps3-elf/4.5.2/crtbegin.o
 .jcr           0x0000000000030038        0x8 c:/psdk3v2/ps3dev/ppu/bin/../lib/gcc/powerpc64-ps3-elf/4.5.2/crtend.o

.data.rel.ro
 *(.data.rel.ro.local*)
 *(.data.rel.ro*)

.dynamic
 *(.dynamic)

.data.sceFStub  0x0000000000030040      0x1dc
 *(.data.sceFStub)
 *(SORT(.data.sceFStub.*))
 .data.sceFStub.sysPrxForUser
                0x0000000000030040      0x1dc c:/PSDK3v2/psl1ght/ppu/lib\liblv2.a(sprx.o)
                0x0000000000030040                sysGetSystemTime_stub
                0x0000000000030044                sysGetSystemSwVersion_stub
                0x0000000000030048                sysGetTemperature_stub
                0x000000000003004c                sysGetRandomNumber_stub
                0x0000000000030050                sysGetRtcStatus_stub
                0x0000000000030054                sysBoardStorageRead_stub
                0x0000000000030058                sysBoardStorageWrite_stub
                0x000000000003005c                sysProcessIsStack_stub
                0x0000000000030060                sysProcessExit_stub
                0x0000000000030064                sysProcessExitspawn_stub